Archive member included to satisfy reference by file (symbol)

/home/sap/tools/RISC-V/MSR_Community_V150/toolchain/RISC-V Embedded GCC/bin/../lib/gcc/riscv-none-embed/8.2.0/../../../../riscv-none-embed/lib/rv32imac/ilp32/libm.a(lib_a-s_cos.o)
                              ./User/main.o (cos)
/home/sap/tools/RISC-V/MSR_Community_V150/toolchain/RISC-V Embedded GCC/bin/../lib/gcc/riscv-none-embed/8.2.0/../../../../riscv-none-embed/lib/rv32imac/ilp32/libm.a(lib_a-s_sin.o)
                              ./User/main.o (sin)
/home/sap/tools/RISC-V/MSR_Community_V150/toolchain/RISC-V Embedded GCC/bin/../lib/gcc/riscv-none-embed/8.2.0/../../../../riscv-none-embed/lib/rv32imac/ilp32/libm.a(lib_a-w_sqrt.o)
                              ./User/main.o (sqrt)
/home/sap/tools/RISC-V/MSR_Community_V150/toolchain/RISC-V Embedded GCC/bin/../lib/gcc/riscv-none-embed/8.2.0/../../../../riscv-none-embed/lib/rv32imac/ilp32/libm.a(lib_a-e_rem_pio2.o)
                              /home/sap/tools/RISC-V/MSR_Community_V150/toolchain/RISC-V Embedded GCC/bin/../lib/gcc/riscv-none-embed/8.2.0/../../../../riscv-none-embed/lib/rv32imac/ilp32/libm.a(lib_a-s_cos.o) (__ieee754_rem_pio2)
/home/sap/tools/RISC-V/MSR_Community_V150/toolchain/RISC-V Embedded GCC/bin/../lib/gcc/riscv-none-embed/8.2.0/../../../../riscv-none-embed/lib/rv32imac/ilp32/libm.a(lib_a-e_sqrt.o)
                              /home/sap/tools/RISC-V/MSR_Community_V150/toolchain/RISC-V Embedded GCC/bin/../lib/gcc/riscv-none-embed/8.2.0/../../../../riscv-none-embed/lib/rv32imac/ilp32/libm.a(lib_a-w_sqrt.o) (__ieee754_sqrt)
/home/sap/tools/RISC-V/MSR_Community_V150/toolchain/RISC-V Embedded GCC/bin/../lib/gcc/riscv-none-embed/8.2.0/../../../../riscv-none-embed/lib/rv32imac/ilp32/libm.a(lib_a-k_cos.o)
                              /home/sap/tools/RISC-V/MSR_Community_V150/toolchain/RISC-V Embedded GCC/bin/../lib/gcc/riscv-none-embed/8.2.0/../../../../riscv-none-embed/lib/rv32imac/ilp32/libm.a(lib_a-s_cos.o) (__kernel_cos)
/home/sap/tools/RISC-V/MSR_Community_V150/toolchain/RISC-V Embedded GCC/bin/../lib/gcc/riscv-none-embed/8.2.0/../../../../riscv-none-embed/lib/rv32imac/ilp32/libm.a(lib_a-k_rem_pio2.o)
                              /home/sap/tools/RISC-V/MSR_Community_V150/toolchain/RISC-V Embedded GCC/bin/../lib/gcc/riscv-none-embed/8.2.0/../../../../riscv-none-embed/lib/rv32imac/ilp32/libm.a(lib_a-e_rem_pio2.o) (__kernel_rem_pio2)
/home/sap/tools/RISC-V/MSR_Community_V150/toolchain/RISC-V Embedded GCC/bin/../lib/gcc/riscv-none-embed/8.2.0/../../../../riscv-none-embed/lib/rv32imac/ilp32/libm.a(lib_a-k_sin.o)
                              /home/sap/tools/RISC-V/MSR_Community_V150/toolchain/RISC-V Embedded GCC/bin/../lib/gcc/riscv-none-embed/8.2.0/../../../../riscv-none-embed/lib/rv32imac/ilp32/libm.a(lib_a-s_cos.o) (__kernel_sin)
/home/sap/tools/RISC-V/MSR_Community_V150/toolchain/RISC-V Embedded GCC/bin/../lib/gcc/riscv-none-embed/8.2.0/../../../../riscv-none-embed/lib/rv32imac/ilp32/libm.a(lib_a-s_fabs.o)
                              /home/sap/tools/RISC-V/MSR_Community_V150/toolchain/RISC-V Embedded GCC/bin/../lib/gcc/riscv-none-embed/8.2.0/../../../../riscv-none-embed/lib/rv32imac/ilp32/libm.a(lib_a-e_rem_pio2.o) (fabs)
/home/sap/tools/RISC-V/MSR_Community_V150/toolchain/RISC-V Embedded GCC/bin/../lib/gcc/riscv-none-embed/8.2.0/../../../../riscv-none-embed/lib/rv32imac/ilp32/libm.a(lib_a-s_floor.o)
                              /home/sap/tools/RISC-V/MSR_Community_V150/toolchain/RISC-V Embedded GCC/bin/../lib/gcc/riscv-none-embed/8.2.0/../../../../riscv-none-embed/lib/rv32imac/ilp32/libm.a(lib_a-k_rem_pio2.o) (floor)
/home/sap/tools/RISC-V/MSR_Community_V150/toolchain/RISC-V Embedded GCC/bin/../lib/gcc/riscv-none-embed/8.2.0/../../../../riscv-none-embed/lib/rv32imac/ilp32/libm.a(lib_a-s_lib_ver.o)
                              /home/sap/tools/RISC-V/MSR_Community_V150/toolchain/RISC-V Embedded GCC/bin/../lib/gcc/riscv-none-embed/8.2.0/../../../../riscv-none-embed/lib/rv32imac/ilp32/libm.a(lib_a-w_sqrt.o) (__fdlib_version)
/home/sap/tools/RISC-V/MSR_Community_V150/toolchain/RISC-V Embedded GCC/bin/../lib/gcc/riscv-none-embed/8.2.0/../../../../riscv-none-embed/lib/rv32imac/ilp32/libm.a(lib_a-s_matherr.o)
                              /home/sap/tools/RISC-V/MSR_Community_V150/toolchain/RISC-V Embedded GCC/bin/../lib/gcc/riscv-none-embed/8.2.0/../../../../riscv-none-embed/lib/rv32imac/ilp32/libm.a(lib_a-w_sqrt.o) (matherr)
/home/sap/tools/RISC-V/MSR_Community_V150/toolchain/RISC-V Embedded GCC/bin/../lib/gcc/riscv-none-embed/8.2.0/../../../../riscv-none-embed/lib/rv32imac/ilp32/libm.a(lib_a-s_scalbn.o)
                              /home/sap/tools/RISC-V/MSR_Community_V150/toolchain/RISC-V Embedded GCC/bin/../lib/gcc/riscv-none-embed/8.2.0/../../../../riscv-none-embed/lib/rv32imac/ilp32/libm.a(lib_a-k_rem_pio2.o) (scalbn)
[...]
Memory Configuration

Name             Origin             Length             Attributes
FLASH            0x0000000000000000 0x0000000000020000 xr
RAM              0x0000000020000000 0x0000000000008000 xrw
*default*        0x0000000000000000 0xffffffffffffffff

Linker script and memory map

LOAD ./User/ch32v30x_it.o
LOAD ./User/lcd.o
LOAD ./User/lcd_text.o
LOAD ./User/main.o
LOAD ./User/system_ch32v30x.o
LOAD ./Startup/startup_ch32v30x_D8.o
LOAD ./Peripheral/src/ch32v30x_adc.o
LOAD ./Peripheral/src/ch32v30x_bkp.o
LOAD ./Peripheral/src/ch32v30x_can.o
LOAD ./Peripheral/src/ch32v30x_crc.o
LOAD ./Peripheral/src/ch32v30x_dac.o
LOAD ./Peripheral/src/ch32v30x_dbgmcu.o
LOAD ./Peripheral/src/ch32v30x_dma.o
LOAD ./Peripheral/src/ch32v30x_dvp.o
LOAD ./Peripheral/src/ch32v30x_eth.o
LOAD ./Peripheral/src/ch32v30x_exti.o
LOAD ./Peripheral/src/ch32v30x_flash.o
LOAD ./Peripheral/src/ch32v30x_fsmc.o
LOAD ./Peripheral/src/ch32v30x_gpio.o
LOAD ./Peripheral/src/ch32v30x_i2c.o
LOAD ./Peripheral/src/ch32v30x_iwdg.o
LOAD ./Peripheral/src/ch32v30x_misc.o
LOAD ./Peripheral/src/ch32v30x_opa.o
LOAD ./Peripheral/src/ch32v30x_pwr.o
LOAD ./Peripheral/src/ch32v30x_rcc.o
LOAD ./Peripheral/src/ch32v30x_rng.o
LOAD ./Peripheral/src/ch32v30x_rtc.o
LOAD ./Peripheral/src/ch32v30x_sdio.o
LOAD ./Peripheral/src/ch32v30x_spi.o
LOAD ./Peripheral/src/ch32v30x_tim.o
LOAD ./Peripheral/src/ch32v30x_usart.o
LOAD ./Peripheral/src/ch32v30x_wwdg.o
LOAD ./Debug/debug.o
LOAD ./Core/core_riscv.o
LOAD /home/sap/tools/RISC-V/MSR_Community_V150/toolchain/RISC-V Embedded GCC/bin/../lib/gcc/riscv-none-embed/8.2.0/../../../../riscv-none-embed/lib/rv32imac/ilp32/libm.a
LOAD /home/sap/tools/RISC-V/MSR_Community_V150/toolchain/RISC-V Embedded GCC/bin/../lib/gcc/riscv-none-embed/8.2.0/rv32imac/ilp32/libgcc.a
LOAD /home/sap/tools/RISC-V/MSR_Community_V150/toolchain/RISC-V Embedded GCC/bin/../lib/gcc/riscv-none-embed/8.2.0/../../../../riscv-none-embed/lib/rv32imac/ilp32/libg_nano.a
LOAD /home/sap/tools/RISC-V/MSR_Community_V150/toolchain/RISC-V Embedded GCC/bin/../lib/gcc/riscv-none-embed/8.2.0/../../../../riscv-none-embed/lib/rv32imac/ilp32/libc_nano.a
LOAD /home/sap/tools/RISC-V/MSR_Community_V150/toolchain/RISC-V Embedded GCC/bin/../lib/gcc/riscv-none-embed/8.2.0/rv32imac/ilp32/libgcc.a
START GROUP
LOAD /home/sap/tools/RISC-V/MSR_Community_V150/toolchain/RISC-V Embedded GCC/bin/../lib/gcc/riscv-none-embed/8.2.0/rv32imac/ilp32/libgcc.a
LOAD /home/sap/tools/RISC-V/MSR_Community_V150/toolchain/RISC-V Embedded GCC/bin/../lib/gcc/riscv-none-embed/8.2.0/../../../../riscv-none-embed/lib/rv32imac/ilp32/libc_nano.a
LOAD /home/sap/tools/RISC-V/MSR_Community_V150/toolchain/RISC-V Embedded GCC/bin/../lib/gcc/riscv-none-embed/8.2.0/../../../../riscv-none-embed/lib/rv32imac/ilp32/libnosys.a
END GROUP
START GROUP
LOAD /home/sap/tools/RISC-V/MSR_Community_V150/toolchain/RISC-V Embedded GCC/bin/../lib/gcc/riscv-none-embed/8.2.0/rv32imac/ilp32/libgcc.a
LOAD /home/sap/tools/RISC-V/MSR_Community_V150/toolchain/RISC-V Embedded GCC/bin/../lib/gcc/riscv-none-embed/8.2.0/../../../../riscv-none-embed/lib/rv32imac/ilp32/libc_nano.a
LOAD /home/sap/tools/RISC-V/MSR_Community_V150/toolchain/RISC-V Embedded GCC/bin/../lib/gcc/riscv-none-embed/8.2.0/../../../../riscv-none-embed/lib/rv32imac/ilp32/libnosys.a
END GROUP
                0x0000000000000800                __stack_size = 0x800
                [!provide]                        PROVIDE (_stack_size = __stack_size)

.init           0x0000000000000000       0x38
                0x0000000000000000                _sinit = .
                0x0000000000000000                . = ALIGN (0x4)
 *(SORT_NONE(.init))
 .init          0x0000000000000000       0x38 ./Startup/startup_ch32v30x_D8.o
                0x0000000000000000                _start
                0x0000000000000038                . = ALIGN (0x4)
                0x0000000000000038                _einit = .

.vector         0x0000000000000038      0x1c8
 *(.vector)
 .vector        0x0000000000000038      0x1a0 ./Startup/startup_ch32v30x_D8.o
                0x0000000000000200                . = ALIGN (0x40)
 *fill*         0x00000000000001d8       0x28 

.text           0x0000000000000200    0x17e7c
                0x0000000000000200                . = ALIGN (0x4)
 *(.text)
 .text          0x0000000000000200       0x60 /home/sap/tools/RISC-V/MSR_Community_V150/toolchain/RISC-V Embedded GCC/bin/../lib/gcc/riscv-none-embed/8.2.0/rv32imac/ilp32/libgcc.a(save-restore.o)
                0x0000000000000200                __riscv_save_12
                0x0000000000000208                __riscv_save_8
                0x0000000000000208                __riscv_save_11
                0x0000000000000208                __riscv_save_9
                0x0000000000000208                __riscv_save_10
                0x0000000000000216                __riscv_save_7
                0x0000000000000216                __riscv_save_4
                0x0000000000000216                __riscv_save_6
                0x0000000000000216                __riscv_save_5
                0x0000000000000230                __riscv_save_1
                0x0000000000000230                __riscv_save_3
                0x0000000000000230                __riscv_save_2
                0x0000000000000230                __riscv_save_0
                0x000000000000023c                __riscv_restore_12
                0x0000000000000240                __riscv_restore_10
                0x0000000000000240                __riscv_restore_11
                0x0000000000000240                __riscv_restore_8
                0x0000000000000240                __riscv_restore_9
                0x000000000000024a                __riscv_restore_5
                0x000000000000024a                __riscv_restore_6
                0x000000000000024a                __riscv_restore_4
                0x000000000000024a                __riscv_restore_7
                0x0000000000000254                __riscv_restore_3
                0x0000000000000254                __riscv_restore_2
                0x0000000000000254                __riscv_restore_0
                0x0000000000000254                __riscv_restore_1
 .text          0x0000000000000260       0xa8 /home/sap/tools/RISC-V/MSR_Community_V150/toolchain/RISC-V Embedded GCC/bin/../lib/gcc/riscv-none-embed/8.2.0/../../../../riscv-none-embed/lib/rv32imac/ilp32/libg_nano.a(lib_a-memset.o)
                0x0000000000000260                memset
 *(.text.*)
 .text.NMI_Handler
                0x0000000000000308        0x4 ./User/ch32v30x_it.o
                0x0000000000000308                NMI_Handler
 .text.HardFault_Handler
                0x000000000000030c        0x2 ./User/ch32v30x_it.o
                0x000000000000030c                HardFault_Handler
 .text.LCD_Writ_Bus
                0x000000000000030e       0x46 ./User/lcd.o
                0x000000000000030e                LCD_Writ_Bus
 .text.LCD_WR_DATA
                0x0000000000000354       0x12 ./User/lcd.o
                0x0000000000000354                LCD_WR_DATA
 .text.LCD_WR_REG
                0x0000000000000366       0x28 ./User/lcd.o
                0x0000000000000366                LCD_WR_REG
 .text.LCD_Address_Set
                0x000000000000038e       0x3a ./User/lcd.o
                0x000000000000038e                LCD_Address_Set
 .text.lcd_gpio_init
                0x00000000000003c8       0xca ./User/lcd.o
                0x00000000000003c8                lcd_gpio_init
 .text.LCD_Send_Start
                0x0000000000000492       0x1a ./User/lcd.o
                0x0000000000000492                LCD_Send_Start
 .text.LCD_Send_Stop
                0x00000000000004ac       0x1a ./User/lcd.o
                0x00000000000004ac                LCD_Send_Stop
 .text.LCD_SendDataForFast
                0x00000000000004c6       0x42 ./User/lcd.o
                0x00000000000004c6                LCD_SendDataForFast
 .text.LCD_Fill_Fast
                0x0000000000000508       0x74 ./User/lcd.o
                0x0000000000000508                LCD_Fill_Fast
 .text.lcd_init
                0x000000000000057c      0x18a ./User/lcd.o
                0x000000000000057c                lcd_init
 .text.LCDPutPixel
                0x0000000000000706       0x36 ./User/lcd.o
                0x0000000000000706                LCDPutPixel
 .text.LCDDrawLine
                0x000000000000073c       0x7a ./User/lcd.o
                0x000000000000073c                LCDDrawLine
 .text.RegisterNewFont
                0x00000000000007b6       0x4c ./User/lcd_text.o
                0x00000000000007b6                RegisterNewFont
 .text.lcd_RegisterFonts
                0x0000000000000802      0x122 ./User/lcd_text.o
                0x0000000000000802                lcd_RegisterFonts
 .text.lcd_setFont
                0x0000000000000924       0x26 ./User/lcd_text.o
                0x0000000000000924                lcd_setFont
 .text.lcd_setFontName
                0x000000000000094a       0x40 ./User/lcd_text.o
                0x000000000000094a                lcd_setFontName
 .text.lcd_DisplaySymbol
                0x000000000000098a       0xf8 ./User/lcd_text.o
                0x000000000000098a                lcd_DisplaySymbol
 .text.lcd_DisplaySymbolRus
                0x0000000000000a82       0x1e ./User/lcd_text.o
                0x0000000000000a82                lcd_DisplaySymbolRus
 .text.lcd_PutString
                0x0000000000000aa0       0x30 ./User/lcd_text.o
                0x0000000000000aa0                lcd_PutString
 .text.lcd_PutStringRus
                0x0000000000000ad0       0x30 ./User/lcd_text.o
                0x0000000000000ad0                lcd_PutStringRus
 .text.lcd_gotoxy
                0x0000000000000b00        0xa ./User/lcd_text.o
                0x0000000000000b00                lcd_gotoxy
 .text.lcd_getTextWidth
                0x0000000000000b0a       0x18 ./User/lcd_text.o
                0x0000000000000b0a                lcd_getTextWidth
 .text.PIO_Keyboard_Init
                0x0000000000000b22       0x2e ./User/main.o
                0x0000000000000b22                PIO_Keyboard_Init
 .text.getKey   0x0000000000000b50       0x24 ./User/main.o
                0x0000000000000b50                getKey
 .text.ADC_initialization
                0x0000000000000b74       0xae ./User/main.o
                0x0000000000000b74                ADC_initialization
 .text.getADC   0x0000000000000c22       0x40 ./User/main.o
                0x0000000000000c22                getADC
 .text.Get_ADC_Average
                0x0000000000000c62       0x30 ./User/main.o
                0x0000000000000c62                Get_ADC_Average
 .text.TIM3_Init
                0x0000000000000c92       0x7a ./User/main.o
                0x0000000000000c92                TIM3_Init
 .text.GPIO_Toggle_init
                0x0000000000000d0c       0x36 ./User/main.o
                0x0000000000000d0c                GPIO_Toggle_init
 .text.toggleLED
                0x0000000000000d42       0x2e ./User/main.o
                0x0000000000000d42                toggleLED
 .text.TIM3_IRQHandler
                0x0000000000000d70       0x42 ./User/main.o
                0x0000000000000d70                TIM3_IRQHandler
 .text.Rgb      0x0000000000000db2       0x14 ./User/main.o
                0x0000000000000db2                Rgb
 .text.DrawScale
                0x0000000000000dc6      0x1ca ./User/main.o
                0x0000000000000dc6                DrawScale
 .text.startup.main
                0x0000000000000f90      0x4a8 ./User/main.o
                0x0000000000000f90                main
 .text.SystemInit
                0x0000000000001438       0xea ./User/system_ch32v30x.o
                0x0000000000001438                SystemInit
 .text.SystemCoreClockUpdate
                0x0000000000001522       0x94 ./User/system_ch32v30x.o
                0x0000000000001522                SystemCoreClockUpdate
 .text.vector_handler
                0x00000000000015b6       0xaa ./Startup/startup_ch32v30x_D8.o
                0x00000000000015ba                Ecall_M_Mode_Handler
                0x00000000000015bc                Ecall_U_Mode_Handler
                0x00000000000015be                Break_Point_Handler
                0x00000000000015c0                SysTick_Handler
                0x00000000000015c2                SW_Handler
                0x00000000000015c4                WWDG_IRQHandler
                0x00000000000015c6                PVD_IRQHandler
                0x00000000000015c8                TAMPER_IRQHandler
                0x00000000000015ca                RTC_IRQHandler
                0x00000000000015cc                FLASH_IRQHandler
                0x00000000000015ce                RCC_IRQHandler
                0x00000000000015d0                EXTI0_IRQHandler
                0x00000000000015d2                EXTI1_IRQHandler
                0x00000000000015d4                EXTI2_IRQHandler
                0x00000000000015d6                EXTI3_IRQHandler
                0x00000000000015d8                EXTI4_IRQHandler
                0x00000000000015da                DMA1_Channel1_IRQHandler
                0x00000000000015dc                DMA1_Channel2_IRQHandler
                0x00000000000015de                DMA1_Channel3_IRQHandler
                0x00000000000015e0                DMA1_Channel4_IRQHandler
                0x00000000000015e2                DMA1_Channel5_IRQHandler
                0x00000000000015e4                DMA1_Channel6_IRQHandler
                0x00000000000015e6                DMA1_Channel7_IRQHandler
                0x00000000000015e8                ADC1_2_IRQHandler
                0x00000000000015ea                USB_HP_CAN1_TX_IRQHandler
                0x00000000000015ec                USB_LP_CAN1_RX0_IRQHandler
                0x00000000000015ee                CAN1_RX1_IRQHandler
                0x00000000000015f0                CAN1_SCE_IRQHandler
                0x00000000000015f2                EXTI9_5_IRQHandler
                0x00000000000015f4                TIM1_BRK_IRQHandler
                0x00000000000015f6                TIM1_UP_IRQHandler
                0x00000000000015f8                TIM1_TRG_COM_IRQHandler
                0x00000000000015fa                TIM1_CC_IRQHandler
                0x00000000000015fc                TIM2_IRQHandler
                0x0000000000001600                TIM4_IRQHandler
                0x0000000000001602                I2C1_EV_IRQHandler
                0x0000000000001604                I2C1_ER_IRQHandler
                0x0000000000001606                I2C2_EV_IRQHandler
                0x0000000000001608                I2C2_ER_IRQHandler
                0x000000000000160a                SPI1_IRQHandler
                0x000000000000160c                SPI2_IRQHandler
                0x000000000000160e                USART1_IRQHandler
                0x0000000000001610                USART2_IRQHandler
                0x0000000000001612                USART3_IRQHandler
                0x0000000000001614                EXTI15_10_IRQHandler
                0x0000000000001616                RTCAlarm_IRQHandler
                0x0000000000001618                TIM8_BRK_IRQHandler
                0x000000000000161a                TIM8_UP_IRQHandler
                0x000000000000161c                TIM8_TRG_COM_IRQHandler
                0x000000000000161e                TIM8_CC_IRQHandler
                0x0000000000001620                RNG_IRQHandler
                0x0000000000001622                FSMC_IRQHandler
                0x0000000000001624                SDIO_IRQHandler
                0x0000000000001626                TIM5_IRQHandler
                0x0000000000001628                SPI3_IRQHandler
                0x000000000000162a                UART4_IRQHandler
                0x000000000000162c                UART5_IRQHandler
                0x000000000000162e                TIM6_IRQHandler
                0x0000000000001630                TIM7_IRQHandler
                0x0000000000001632                DMA2_Channel1_IRQHandler
                0x0000000000001634                DMA2_Channel2_IRQHandler
                0x0000000000001636                DMA2_Channel3_IRQHandler
                0x0000000000001638                DMA2_Channel4_IRQHandler
                0x000000000000163a                DMA2_Channel5_IRQHandler
                0x000000000000163c                OTG_FS_IRQHandler
                0x000000000000163e                UART6_IRQHandler
                0x0000000000001640                UART7_IRQHandler
                0x0000000000001642                UART8_IRQHandler
                0x0000000000001644                TIM9_BRK_IRQHandler
                0x0000000000001646                TIM9_UP_IRQHandler
                0x0000000000001648                TIM9_TRG_COM_IRQHandler
                0x000000000000164a                TIM9_CC_IRQHandler
                0x000000000000164c                TIM10_BRK_IRQHandler
                0x000000000000164e                TIM10_UP_IRQHandler
                0x0000000000001650                TIM10_TRG_COM_IRQHandler
                0x0000000000001652                TIM10_CC_IRQHandler
                0x0000000000001654                DMA2_Channel6_IRQHandler
                0x0000000000001656                DMA2_Channel7_IRQHandler
                0x0000000000001658                DMA2_Channel8_IRQHandler
                0x000000000000165a                DMA2_Channel9_IRQHandler
                0x000000000000165c                DMA2_Channel10_IRQHandler
                0x000000000000165e                DMA2_Channel11_IRQHandler
 .text.handle_reset
                0x0000000000001660       0x8a ./Startup/startup_ch32v30x_D8.o
                0x0000000000001660                handle_reset
 .text.ADC_DeInit
                0x00000000000016ea       0x40 ./Peripheral/src/ch32v30x_adc.o
                0x00000000000016ea                ADC_DeInit
 .text.ADC_Init
                0x000000000000172a       0x58 ./Peripheral/src/ch32v30x_adc.o
                0x000000000000172a                ADC_Init
 .text.ADC_Cmd  0x0000000000001782       0x10 ./Peripheral/src/ch32v30x_adc.o
                0x0000000000001782                ADC_Cmd
 .text.ADC_ResetCalibration
                0x0000000000001792        0xa ./Peripheral/src/ch32v30x_adc.o
                0x0000000000001792                ADC_ResetCalibration
 .text.ADC_GetResetCalibrationStatus
                0x000000000000179c        0x8 ./Peripheral/src/ch32v30x_adc.o
                0x000000000000179c                ADC_GetResetCalibrationStatus
 .text.ADC_StartCalibration
                0x00000000000017a4        0xa ./Peripheral/src/ch32v30x_adc.o
                0x00000000000017a4                ADC_StartCalibration
 .text.ADC_GetCalibrationStatus
                0x00000000000017ae        0x8 ./Peripheral/src/ch32v30x_adc.o
                0x00000000000017ae                ADC_GetCalibrationStatus
 .text.ADC_SoftwareStartConvCmd
                0x00000000000017b6       0x18 ./Peripheral/src/ch32v30x_adc.o
                0x00000000000017b6                ADC_SoftwareStartConvCmd
 .text.ADC_RegularChannelConfig
                0x00000000000017ce       0xb8 ./Peripheral/src/ch32v30x_adc.o
                0x00000000000017ce                ADC_RegularChannelConfig
 .text.ADC_GetConversionValue
                0x0000000000001886        0x8 ./Peripheral/src/ch32v30x_adc.o
                0x0000000000001886                ADC_GetConversionValue
 .text.ADC_TempSensorVrefintCmd
                0x000000000000188e       0x20 ./Peripheral/src/ch32v30x_adc.o
                0x000000000000188e                ADC_TempSensorVrefintCmd
 .text.ADC_GetFlagStatus
                0x00000000000018ae        0xa ./Peripheral/src/ch32v30x_adc.o
                0x00000000000018ae                ADC_GetFlagStatus
 .text.ADC_BufferCmd
                0x00000000000018b8       0x18 ./Peripheral/src/ch32v30x_adc.o
                0x00000000000018b8                ADC_BufferCmd
 .text.Get_CalibrationValue
                0x00000000000018d0      0x16c ./Peripheral/src/ch32v30x_adc.o
                0x00000000000018d0                Get_CalibrationValue
 .text.GPIO_Init
                0x0000000000001a3c       0xc2 ./Peripheral/src/ch32v30x_gpio.o
                0x0000000000001a3c                GPIO_Init
 .text.GPIO_ReadInputData
                0x0000000000001afe        0x8 ./Peripheral/src/ch32v30x_gpio.o
                0x0000000000001afe                GPIO_ReadInputData
 .text.GPIO_SetBits
                0x0000000000001b06        0x4 ./Peripheral/src/ch32v30x_gpio.o
                0x0000000000001b06                GPIO_SetBits
 .text.GPIO_ResetBits
                0x0000000000001b0a        0x4 ./Peripheral/src/ch32v30x_gpio.o
                0x0000000000001b0a                GPIO_ResetBits
 .text.GPIO_WriteBit
                0x0000000000001b0e        0xa ./Peripheral/src/ch32v30x_gpio.o
                0x0000000000001b0e                GPIO_WriteBit
 .text.NVIC_PriorityGroupConfig
                0x0000000000001b18        0x6 ./Peripheral/src/ch32v30x_misc.o
                0x0000000000001b18                NVIC_PriorityGroupConfig
 .text.NVIC_Init
                0x0000000000001b1e       0xb8 ./Peripheral/src/ch32v30x_misc.o
                0x0000000000001b1e                NVIC_Init
 .text.RCC_ADCCLKConfig
                0x0000000000001bd6       0x12 ./Peripheral/src/ch32v30x_rcc.o
                0x0000000000001bd6                RCC_ADCCLKConfig
 .text.RCC_GetClocksFreq
                0x0000000000001be8      0x10e ./Peripheral/src/ch32v30x_rcc.o
                0x0000000000001be8                RCC_GetClocksFreq
 .text.RCC_APB2PeriphClockCmd
                0x0000000000001cf6       0x1e ./Peripheral/src/ch32v30x_rcc.o
                0x0000000000001cf6                RCC_APB2PeriphClockCmd
 .text.RCC_APB1PeriphClockCmd
                0x0000000000001d14       0x1e ./Peripheral/src/ch32v30x_rcc.o
                0x0000000000001d14                RCC_APB1PeriphClockCmd
 .text.RCC_APB2PeriphResetCmd
                0x0000000000001d32       0x1e ./Peripheral/src/ch32v30x_rcc.o
                0x0000000000001d32                RCC_APB2PeriphResetCmd
 .text.SPI_Init
                0x0000000000001d50       0x5a ./Peripheral/src/ch32v30x_spi.o
                0x0000000000001d50                SPI_Init
 .text.SPI_Cmd  0x0000000000001daa       0x1e ./Peripheral/src/ch32v30x_spi.o
                0x0000000000001daa                SPI_Cmd
 .text.SPI_I2S_SendData
                0x0000000000001dc8        0x6 ./Peripheral/src/ch32v30x_spi.o
                0x0000000000001dc8                SPI_I2S_SendData
 .text.SPI_I2S_GetFlagStatus
                0x0000000000001dce        0xc ./Peripheral/src/ch32v30x_spi.o
                0x0000000000001dce                SPI_I2S_GetFlagStatus
 .text.TIM_TimeBaseInit
                0x0000000000001dda       0xc0 ./Peripheral/src/ch32v30x_tim.o
                0x0000000000001dda                TIM_TimeBaseInit
 .text.TIM_Cmd  0x0000000000001e9a       0x1c ./Peripheral/src/ch32v30x_tim.o
                0x0000000000001e9a                TIM_Cmd
 .text.TIM_ITConfig
                0x0000000000001eb6       0x16 ./Peripheral/src/ch32v30x_tim.o
                0x0000000000001eb6                TIM_ITConfig
 .text.TIM_GetITStatus
                0x0000000000001ecc       0x1c ./Peripheral/src/ch32v30x_tim.o
                0x0000000000001ecc                TIM_GetITStatus
 .text.TIM_ClearITPendingBit
                0x0000000000001ee8        0xe ./Peripheral/src/ch32v30x_tim.o
                0x0000000000001ee8                TIM_ClearITPendingBit
 .text.USART_Init
                0x0000000000001ef6       0xd8 ./Peripheral/src/ch32v30x_usart.o
                0x0000000000001ef6                USART_Init
 .text.USART_Cmd
                0x0000000000001fce       0x1c ./Peripheral/src/ch32v30x_usart.o
                0x0000000000001fce                USART_Cmd
 .text.USART_SendData
                0x0000000000001fea        0xa ./Peripheral/src/ch32v30x_usart.o
                0x0000000000001fea                USART_SendData
 .text.USART_GetFlagStatus
                0x0000000000001ff4        0xc ./Peripheral/src/ch32v30x_usart.o
                0x0000000000001ff4                USART_GetFlagStatus
 .text.Delay_Init
                0x0000000000002000       0x2a ./Debug/debug.o
                0x0000000000002000                Delay_Init
 .text.Delay_Us
                0x000000000000202a       0x36 ./Debug/debug.o
                0x000000000000202a                Delay_Us
 .text.Delay_Ms
                0x0000000000002060       0x36 ./Debug/debug.o
                0x0000000000002060                Delay_Ms
 .text.USART_Printf_Init
                0x0000000000002096       0x5a ./Debug/debug.o
                0x0000000000002096                USART_Printf_Init
 .text._write   0x00000000000020f0       0x3c ./Debug/debug.o
                0x00000000000020f0                _write
 .text._sbrk    0x000000000000212c       0x26 ./Debug/debug.o
                0x000000000000212c                _sbrk
 .text.cos      0x0000000000002152       0x8a /home/sap/tools/RISC-V/MSR_Community_V150/toolchain/RISC-V Embedded GCC/bin/../lib/gcc/riscv-none-embed/8.2.0/../../../../riscv-none-embed/lib/rv32imac/ilp32/libm.a(lib_a-s_cos.o)
                0x0000000000002152                cos
 .text.sin      0x00000000000021dc       0x8e /home/sap/tools/RISC-V/MSR_Community_V150/toolchain/RISC-V Embedded GCC/bin/../lib/gcc/riscv-none-embed/8.2.0/../../../../riscv-none-embed/lib/rv32imac/ilp32/libm.a(lib_a-s_sin.o)
                0x00000000000021dc                sin
 .text.__ieee754_rem_pio2
                0x000000000000226a      0x464 /home/sap/tools/RISC-V/MSR_Community_V150/toolchain/RISC-V Embedded GCC/bin/../lib/gcc/riscv-none-embed/8.2.0/../../../../riscv-none-embed/lib/rv32imac/ilp32/libm.a(lib_a-e_rem_pio2.o)
                0x000000000000226a                __ieee754_rem_pio2
 .text.__kernel_cos
                0x00000000000026ce      0x2b8 /home/sap/tools/RISC-V/MSR_Community_V150/toolchain/RISC-V Embedded GCC/bin/../lib/gcc/riscv-none-embed/8.2.0/../../../../riscv-none-embed/lib/rv32imac/ilp32/libm.a(lib_a-k_cos.o)
                0x00000000000026ce                __kernel_cos
 .text.__kernel_rem_pio2
                0x0000000000002986      0x944 /home/sap/tools/RISC-V/MSR_Community_V150/toolchain/RISC-V Embedded GCC/bin/../lib/gcc/riscv-none-embed/8.2.0/../../../../riscv-none-embed/lib/rv32imac/ilp32/libm.a(lib_a-k_rem_pio2.o)
                0x0000000000002986                __kernel_rem_pio2
 .text.__kernel_sin
                0x00000000000032ca      0x192 /home/sap/tools/RISC-V/MSR_Community_V150/toolchain/RISC-V Embedded GCC/bin/../lib/gcc/riscv-none-embed/8.2.0/../../../../riscv-none-embed/lib/rv32imac/ilp32/libm.a(lib_a-k_sin.o)
                0x00000000000032ca                __kernel_sin
 .text.fabs     0x000000000000345c        0x6 /home/sap/tools/RISC-V/MSR_Community_V150/toolchain/RISC-V Embedded GCC/bin/../lib/gcc/riscv-none-embed/8.2.0/../../../../riscv-none-embed/lib/rv32imac/ilp32/libm.a(lib_a-s_fabs.o)
                0x000000000000345c                fabs
 .text.floor    0x0000000000003462      0x150 /home/sap/tools/RISC-V/MSR_Community_V150/toolchain/RISC-V Embedded GCC/bin/../lib/gcc/riscv-none-embed/8.2.0/../../../../riscv-none-embed/lib/rv32imac/ilp32/libm.a(lib_a-s_floor.o)
                0x0000000000003462                floor
 .text.scalbn   0x00000000000035b2      0x13e /home/sap/tools/RISC-V/MSR_Community_V150/toolchain/RISC-V Embedded GCC/bin/../lib/gcc/riscv-none-embed/8.2.0/../../../../riscv-none-embed/lib/rv32imac/ilp32/libm.a(lib_a-s_scalbn.o)
                0x00000000000035b2                scalbn
 .text.copysign
                0x00000000000036f0       0x16 /home/sap/tools/RISC-V/MSR_Community_V150/toolchain/RISC-V Embedded GCC/bin/../lib/gcc/riscv-none-embed/8.2.0/../../../../riscv-none-embed/lib/rv32imac/ilp32/libm.a(lib_a-s_copysign.o)
                0x00000000000036f0                copysign
 .text.__adddf3
                0x0000000000003706      0x730 /home/sap/tools/RISC-V/MSR_Community_V150/toolchain/RISC-V Embedded GCC/bin/../lib/gcc/riscv-none-embed/8.2.0/rv32imac/ilp32/libgcc.a(adddf3.o)
                0x0000000000003706                __adddf3
 .text.__divdf3
                0x0000000000003e36      0x5b4 /home/sap/tools/RISC-V/MSR_Community_V150/toolchain/RISC-V Embedded GCC/bin/../lib/gcc/riscv-none-embed/8.2.0/rv32imac/ilp32/libgcc.a(divdf3.o)
                0x0000000000003e36                __divdf3
 .text.__eqdf2  0x00000000000043ea       0x6a /home/sap/tools/RISC-V/MSR_Community_V150/toolchain/RISC-V Embedded GCC/bin/../lib/gcc/riscv-none-embed/8.2.0/rv32imac/ilp32/libgcc.a(eqdf2.o)
                0x00000000000043ea                __eqdf2
                0x00000000000043ea                __nedf2
 .text.__gedf2  0x0000000000004454       0xae /home/sap/tools/RISC-V/MSR_Community_V150/toolchain/RISC-V Embedded GCC/bin/../lib/gcc/riscv-none-embed/8.2.0/rv32imac/ilp32/libgcc.a(gedf2.o)
                0x0000000000004454                __gtdf2
                0x0000000000004454                __gedf2
 .text.__muldf3
                0x0000000000004502      0x4b8 /home/sap/tools/RISC-V/MSR_Community_V150/toolchain/RISC-V Embedded GCC/bin/../lib/gcc/riscv-none-embed/8.2.0/rv32imac/ilp32/libgcc.a(muldf3.o)
                0x0000000000004502                __muldf3
 .text.__subdf3
                0x00000000000049ba      0x73e /home/sap/tools/RISC-V/MSR_Community_V150/toolchain/RISC-V Embedded GCC/bin/../lib/gcc/riscv-none-embed/8.2.0/rv32imac/ilp32/libgcc.a(subdf3.o)
                0x00000000000049ba                __subdf3
 .text.__fixdfsi
                0x00000000000050f8       0x68 /home/sap/tools/RISC-V/MSR_Community_V150/toolchain/RISC-V Embedded GCC/bin/../lib/gcc/riscv-none-embed/8.2.0/rv32imac/ilp32/libgcc.a(fixdfsi.o)
                0x00000000000050f8                __fixdfsi
 .text.__fixunsdfsi
                0x0000000000005160       0x5c /home/sap/tools/RISC-V/MSR_Community_V150/toolchain/RISC-V Embedded GCC/bin/../lib/gcc/riscv-none-embed/8.2.0/rv32imac/ilp32/libgcc.a(fixunsdfsi.o)
                0x0000000000005160                __fixunsdfsi
 .text.__floatsidf
                0x00000000000051bc       0x72 /home/sap/tools/RISC-V/MSR_Community_V150/toolchain/RISC-V Embedded GCC/bin/../lib/gcc/riscv-none-embed/8.2.0/rv32imac/ilp32/libgcc.a(floatsidf.o)
                0x00000000000051bc                __floatsidf
 .text.__addsf3
                0x000000000000522e      0x36a /home/sap/tools/RISC-V/MSR_Community_V150/toolchain/RISC-V Embedded GCC/bin/../lib/gcc/riscv-none-embed/8.2.0/rv32imac/ilp32/libgcc.a(addsf3.o)
                0x000000000000522e                __addsf3
 .text.__mulsf3
                0x0000000000005598      0x290 /home/sap/tools/RISC-V/MSR_Community_V150/toolchain/RISC-V Embedded GCC/bin/../lib/gcc/riscv-none-embed/8.2.0/rv32imac/ilp32/libgcc.a(mulsf3.o)
                0x0000000000005598                __mulsf3
 .text.__fixsfsi
                0x0000000000005828       0x62 /home/sap/tools/RISC-V/MSR_Community_V150/toolchain/RISC-V Embedded GCC/bin/../lib/gcc/riscv-none-embed/8.2.0/rv32imac/ilp32/libgcc.a(fixsfsi.o)
                0x0000000000005828                __fixsfsi
 .text.__floatsisf
                0x000000000000588a       0xc6 /home/sap/tools/RISC-V/MSR_Community_V150/toolchain/RISC-V Embedded GCC/bin/../lib/gcc/riscv-none-embed/8.2.0/rv32imac/ilp32/libgcc.a(floatsisf.o)
                0x000000000000588a                __floatsisf
 .text.__floatunsisf
                0x0000000000005950       0xce /home/sap/tools/RISC-V/MSR_Community_V150/toolchain/RISC-V Embedded GCC/bin/../lib/gcc/riscv-none-embed/8.2.0/rv32imac/ilp32/libgcc.a(floatunsisf.o)
                0x0000000000005950                __floatunsisf
 .text.__extendsfdf2
                0x0000000000005a1e       0xac /home/sap/tools/RISC-V/MSR_Community_V150/toolchain/RISC-V Embedded GCC/bin/../lib/gcc/riscv-none-embed/8.2.0/rv32imac/ilp32/libgcc.a(extendsfdf2.o)
                0x0000000000005a1e                __extendsfdf2
 .text.__truncdfsf2
                0x0000000000005aca      0x16a /home/sap/tools/RISC-V/MSR_Community_V150/toolchain/RISC-V Embedded GCC/bin/../lib/gcc/riscv-none-embed/8.2.0/rv32imac/ilp32/libgcc.a(truncdfsf2.o)
                0x0000000000005aca                __truncdfsf2
 .text.__clzsi2
                0x0000000000005c34       0x76 /home/sap/tools/RISC-V/MSR_Community_V150/toolchain/RISC-V Embedded GCC/bin/../lib/gcc/riscv-none-embed/8.2.0/rv32imac/ilp32/libgcc.a(_clzsi2.o)
                0x0000000000005c34                __clzsi2
 .text.memcpy   0x0000000000005caa       0xb6 /home/sap/tools/RISC-V/MSR_Community_V150/toolchain/RISC-V Embedded GCC/bin/../lib/gcc/riscv-none-embed/8.2.0/../../../../riscv-none-embed/lib/rv32imac/ilp32/libg_nano.a(lib_a-memcpy.o)
                0x0000000000005caa                memcpy
 .text.printf   0x0000000000005d60       0x40 /home/sap/tools/RISC-V/MSR_Community_V150/toolchain/RISC-V Embedded GCC/bin/../lib/gcc/riscv-none-embed/8.2.0/../../../../riscv-none-embed/lib/rv32imac/ilp32/libg_nano.a(lib_a-printf.o)
                0x0000000000005d60                printf
                0x0000000000005d60                iprintf
 .text.sprintf  0x0000000000005da0       0x44 /home/sap/tools/RISC-V/MSR_Community_V150/toolchain/RISC-V Embedded GCC/bin/../lib/gcc/riscv-none-embed/8.2.0/../../../../riscv-none-embed/lib/rv32imac/ilp32/libg_nano.a(lib_a-sprintf.o)
                0x0000000000005da0                sprintf
                0x0000000000005da0                siprintf
 .text.strcpy   0x0000000000005de4       0x12 /home/sap/tools/RISC-V/MSR_Community_V150/toolchain/RISC-V Embedded GCC/bin/../lib/gcc/riscv-none-embed/8.2.0/../../../../riscv-none-embed/lib/rv32imac/ilp32/libg_nano.a(lib_a-strcpy.o)
                0x0000000000005de4                strcpy
 .text.strlen   0x0000000000005df6       0x12 /home/sap/tools/RISC-V/MSR_Community_V150/toolchain/RISC-V Embedded GCC/bin/../lib/gcc/riscv-none-embed/8.2.0/../../../../riscv-none-embed/lib/rv32imac/ilp32/libg_nano.a(lib_a-strlen.o)
                0x0000000000005df6                strlen
 .text.std      0x0000000000005e08       0x6a /home/sap/tools/RISC-V/MSR_Community_V150/toolchain/RISC-V Embedded GCC/bin/../lib/gcc/riscv-none-embed/8.2.0/../../../../riscv-none-embed/lib/rv32imac/ilp32/libg_nano.a(lib_a-findfp.o)
 .text._cleanup_r
                0x0000000000005e72        0xa /home/sap/tools/RISC-V/MSR_Community_V150/toolchain/RISC-V Embedded GCC/bin/../lib/gcc/riscv-none-embed/8.2.0/../../../../riscv-none-embed/lib/rv32imac/ilp32/libg_nano.a(lib_a-findfp.o)
                0x0000000000005e72                _cleanup_r
 .text.__sfmoreglue
                0x0000000000005e7c       0x46 /home/sap/tools/RISC-V/MSR_Community_V150/toolchain/RISC-V Embedded GCC/bin/../lib/gcc/riscv-none-embed/8.2.0/../../../../riscv-none-embed/lib/rv32imac/ilp32/libg_nano.a(lib_a-findfp.o)
                0x0000000000005e7c                __sfmoreglue
 .text.__sinit  0x0000000000005ec2       0x6c /home/sap/tools/RISC-V/MSR_Community_V150/toolchain/RISC-V Embedded GCC/bin/../lib/gcc/riscv-none-embed/8.2.0/../../../../riscv-none-embed/lib/rv32imac/ilp32/libg_nano.a(lib_a-findfp.o)
                0x0000000000005ec2                __sinit
 .text.__sfp    0x0000000000005f2e       0xa0 /home/sap/tools/RISC-V/MSR_Community_V150/toolchain/RISC-V Embedded GCC/bin/../lib/gcc/riscv-none-embed/8.2.0/../../../../riscv-none-embed/lib/rv32imac/ilp32/libg_nano.a(lib_a-findfp.o)
                0x0000000000005f2e                __sfp
 .text._fwalk_reent
                0x0000000000005fce       0x6c /home/sap/tools/RISC-V/MSR_Community_V150/toolchain/RISC-V Embedded GCC/bin/../lib/gcc/riscv-none-embed/8.2.0/../../../../riscv-none-embed/lib/rv32imac/ilp32/libg_nano.a(lib_a-fwalk.o)
                0x0000000000005fce                _fwalk_reent
 .text._malloc_r
                0x000000000000603a       0xda /home/sap/tools/RISC-V/MSR_Community_V150/toolchain/RISC-V Embedded GCC/bin/../lib/gcc/riscv-none-embed/8.2.0/../../../../riscv-none-embed/lib/rv32imac/ilp32/libg_nano.a(lib_a-nano-mallocr.o)
                0x000000000000603a                _malloc_r
 .text.__ssputs_r
                0x0000000000006114       0xee /home/sap/tools/RISC-V/MSR_Community_V150/toolchain/RISC-V Embedded GCC/bin/../lib/gcc/riscv-none-embed/8.2.0/../../../../riscv-none-embed/lib/rv32imac/ilp32/libg_nano.a(lib_a-nano-svfprintf.o)
                0x0000000000006114                __ssputs_r
 .text._svfprintf_r
                0x0000000000006202      0x280 /home/sap/tools/RISC-V/MSR_Community_V150/toolchain/RISC-V Embedded GCC/bin/../lib/gcc/riscv-none-embed/8.2.0/../../../../riscv-none-embed/lib/rv32imac/ilp32/libg_nano.a(lib_a-nano-svfprintf.o)
                0x0000000000006202                _svfprintf_r
                0x0000000000006202                _svfiprintf_r
 .text.__sfputc_r
                0x0000000000006482       0x28 /home/sap/tools/RISC-V/MSR_Community_V150/toolchain/RISC-V Embedded GCC/bin/../lib/gcc/riscv-none-embed/8.2.0/../../../../riscv-none-embed/lib/rv32imac/ilp32/libg_nano.a(lib_a-nano-vfprintf.o)
 .text.__sfputs_r
                0x00000000000064aa       0x44 /home/sap/tools/RISC-V/MSR_Community_V150/toolchain/RISC-V Embedded GCC/bin/../lib/gcc/riscv-none-embed/8.2.0/../../../../riscv-none-embed/lib/rv32imac/ilp32/libg_nano.a(lib_a-nano-vfprintf.o)
                0x00000000000064aa                __sfputs_r
 .text._vfprintf_r
                0x00000000000064ee      0x2a0 /home/sap/tools/RISC-V/MSR_Community_V150/toolchain/RISC-V Embedded GCC/bin/../lib/gcc/riscv-none-embed/8.2.0/../../../../riscv-none-embed/lib/rv32imac/ilp32/libg_nano.a(lib_a-nano-vfprintf.o)
                0x00000000000064ee                _vfiprintf_r
                0x00000000000064ee                _vfprintf_r
 .text._printf_common
                0x000000000000678e      0x10c /home/sap/tools/RISC-V/MSR_Community_V150/toolchain/RISC-V Embedded GCC/bin/../lib/gcc/riscv-none-embed/8.2.0/../../../../riscv-none-embed/lib/rv32imac/ilp32/libg_nano.a(lib_a-nano-vfprintf_i.o)
                0x000000000000678e                _printf_common
 .text._printf_i
                0x000000000000689a      0x2ac /home/sap/tools/RISC-V/MSR_Community_V150/toolchain/RISC-V Embedded GCC/bin/../lib/gcc/riscv-none-embed/8.2.0/../../../../riscv-none-embed/lib/rv32imac/ilp32/libg_nano.a(lib_a-nano-vfprintf_i.o)
                0x000000000000689a                _printf_i
 .text._sbrk_r  0x0000000000006b46       0x2a /home/sap/tools/RISC-V/MSR_Community_V150/toolchain/RISC-V Embedded GCC/bin/../lib/gcc/riscv-none-embed/8.2.0/../../../../riscv-none-embed/lib/rv32imac/ilp32/libg_nano.a(lib_a-sbrkr.o)
                0x0000000000006b46                _sbrk_r
 .text.__sread  0x0000000000006b70       0x30 /home/sap/tools/RISC-V/MSR_Community_V150/toolchain/RISC-V Embedded GCC/bin/../lib/gcc/riscv-none-embed/8.2.0/../../../../riscv-none-embed/lib/rv32imac/ilp32/libg_nano.a(lib_a-stdio.o)
                0x0000000000006b70                __sread
 .text.__swrite
                0x0000000000006ba0       0x4e /home/sap/tools/RISC-V/MSR_Community_V150/toolchain/RISC-V Embedded GCC/bin/../lib/gcc/riscv-none-embed/8.2.0/../../../../riscv-none-embed/lib/rv32imac/ilp32/libg_nano.a(lib_a-stdio.o)
                0x0000000000006ba0                __swrite
 .text.__sseek  0x0000000000006bee       0x36 /home/sap/tools/RISC-V/MSR_Community_V150/toolchain/RISC-V Embedded GCC/bin/../lib/gcc/riscv-none-embed/8.2.0/../../../../riscv-none-embed/lib/rv32imac/ilp32/libg_nano.a(lib_a-stdio.o)
                0x0000000000006bee                __sseek
 .text.__sclose
                0x0000000000006c24        0x6 /home/sap/tools/RISC-V/MSR_Community_V150/toolchain/RISC-V Embedded GCC/bin/../lib/gcc/riscv-none-embed/8.2.0/../../../../riscv-none-embed/lib/rv32imac/ilp32/libg_nano.a(lib_a-stdio.o)
                0x0000000000006c24                __sclose
 .text.__swbuf_r
                0x0000000000006c2a       0xc2 /home/sap/tools/RISC-V/MSR_Community_V150/toolchain/RISC-V Embedded GCC/bin/../lib/gcc/riscv-none-embed/8.2.0/../../../../riscv-none-embed/lib/rv32imac/ilp32/libg_nano.a(lib_a-wbuf.o)
                0x0000000000006c2a                __swbuf_r
 .text._write_r
                0x0000000000006cec       0x2e /home/sap/tools/RISC-V/MSR_Community_V150/toolchain/RISC-V Embedded GCC/bin/../lib/gcc/riscv-none-embed/8.2.0/../../../../riscv-none-embed/lib/rv32imac/ilp32/libg_nano.a(lib_a-writer.o)
                0x0000000000006cec                _write_r
 .text.__swsetup_r
                0x0000000000006d1a      0x10e /home/sap/tools/RISC-V/MSR_Community_V150/toolchain/RISC-V Embedded GCC/bin/../lib/gcc/riscv-none-embed/8.2.0/../../../../riscv-none-embed/lib/rv32imac/ilp32/libg_nano.a(lib_a-wsetup.o)
                0x0000000000006d1a                __swsetup_r
 .text._close_r
                0x0000000000006e28       0x28 /home/sap/tools/RISC-V/MSR_Community_V150/toolchain/RISC-V Embedded GCC/bin/../lib/gcc/riscv-none-embed/8.2.0/../../../../riscv-none-embed/lib/rv32imac/ilp32/libg_nano.a(lib_a-closer.o)
                0x0000000000006e28                _close_r
 .text.__sflush_r
                0x0000000000006e50      0x13c /home/sap/tools/RISC-V/MSR_Community_V150/toolchain/RISC-V Embedded GCC/bin/../lib/gcc/riscv-none-embed/8.2.0/../../../../riscv-none-embed/lib/rv32imac/ilp32/libg_nano.a(lib_a-fflush.o)
                0x0000000000006e50                __sflush_r
 .text._fflush_r
                0x0000000000006f8c       0x68 /home/sap/tools/RISC-V/MSR_Community_V150/toolchain/RISC-V Embedded GCC/bin/../lib/gcc/riscv-none-embed/8.2.0/../../../../riscv-none-embed/lib/rv32imac/ilp32/libg_nano.a(lib_a-fflush.o)
                0x0000000000006f8c                _fflush_r
 .text._lseek_r
                0x0000000000006ff4       0x2c /home/sap/tools/RISC-V/MSR_Community_V150/toolchain/RISC-V Embedded GCC/bin/../lib/gcc/riscv-none-embed/8.2.0/../../../../riscv-none-embed/lib/rv32imac/ilp32/libg_nano.a(lib_a-lseekr.o)
                0x0000000000006ff4                _lseek_r
 .text.__swhatbuf_r
                0x0000000000007020       0x58 /home/sap/tools/RISC-V/MSR_Community_V150/toolchain/RISC-V Embedded GCC/bin/../lib/gcc/riscv-none-embed/8.2.0/../../../../riscv-none-embed/lib/rv32imac/ilp32/libg_nano.a(lib_a-makebuf.o)
                0x0000000000007020                __swhatbuf_r
 .text.__smakebuf_r
                0x0000000000007078       0xa0 /home/sap/tools/RISC-V/MSR_Community_V150/toolchain/RISC-V Embedded GCC/bin/../lib/gcc/riscv-none-embed/8.2.0/../../../../riscv-none-embed/lib/rv32imac/ilp32/libg_nano.a(lib_a-makebuf.o)
                0x0000000000007078                __smakebuf_r
 .text.memchr   0x0000000000007118       0x1a /home/sap/tools/RISC-V/MSR_Community_V150/toolchain/RISC-V Embedded GCC/bin/../lib/gcc/riscv-none-embed/8.2.0/../../../../riscv-none-embed/lib/rv32imac/ilp32/libg_nano.a(lib_a-memchr.o)
                0x0000000000007118                memchr
 .text.memmove  0x0000000000007132       0x4a /home/sap/tools/RISC-V/MSR_Community_V150/toolchain/RISC-V Embedded GCC/bin/../lib/gcc/riscv-none-embed/8.2.0/../../../../riscv-none-embed/lib/rv32imac/ilp32/libg_nano.a(lib_a-memmove.o)
                0x0000000000007132                memmove
 .text.__malloc_lock
                0x000000000000717c        0x2 /home/sap/tools/RISC-V/MSR_Community_V150/toolchain/RISC-V Embedded GCC/bin/../lib/gcc/riscv-none-embed/8.2.0/../../../../riscv-none-embed/lib/rv32imac/ilp32/libg_nano.a(lib_a-mlock.o)
                0x000000000000717c                __malloc_lock
 .text.__malloc_unlock
                0x000000000000717e        0x2 /home/sap/tools/RISC-V/MSR_Community_V150/toolchain/RISC-V Embedded GCC/bin/../lib/gcc/riscv-none-embed/8.2.0/../../../../riscv-none-embed/lib/rv32imac/ilp32/libg_nano.a(lib_a-mlock.o)
                0x000000000000717e                __malloc_unlock
 .text._free_r  0x0000000000007180       0xa8 /home/sap/tools/RISC-V/MSR_Community_V150/toolchain/RISC-V Embedded GCC/bin/../lib/gcc/riscv-none-embed/8.2.0/../../../../riscv-none-embed/lib/rv32imac/ilp32/libg_nano.a(lib_a-nano-freer.o)
                0x0000000000007180                _free_r
 .text._realloc_r
                0x0000000000007228       0x58 /home/sap/tools/RISC-V/MSR_Community_V150/toolchain/RISC-V Embedded GCC/bin/../lib/gcc/riscv-none-embed/8.2.0/../../../../riscv-none-embed/lib/rv32imac/ilp32/libg_nano.a(lib_a-nano-reallocr.o)
                0x0000000000007228                _realloc_r
 .text._read_r  0x0000000000007280       0x2c /home/sap/tools/RISC-V/MSR_Community_V150/toolchain/RISC-V Embedded GCC/bin/../lib/gcc/riscv-none-embed/8.2.0/../../../../riscv-none-embed/lib/rv32imac/ilp32/libg_nano.a(lib_a-readr.o)
                0x0000000000007280                _read_r
 .text._fstat_r
                0x00000000000072ac       0x2a /home/sap/tools/RISC-V/MSR_Community_V150/toolchain/RISC-V Embedded GCC/bin/../lib/gcc/riscv-none-embed/8.2.0/../../../../riscv-none-embed/lib/rv32imac/ilp32/libg_nano.a(lib_a-fstatr.o)
                0x00000000000072ac                _fstat_r
 .text._isatty_r
                0x00000000000072d6       0x28 /home/sap/tools/RISC-V/MSR_Community_V150/toolchain/RISC-V Embedded GCC/bin/../lib/gcc/riscv-none-embed/8.2.0/../../../../riscv-none-embed/lib/rv32imac/ilp32/libg_nano.a(lib_a-isattyr.o)
                0x00000000000072d6                _isatty_r
 .text._malloc_usable_size_r
                0x00000000000072fe       0x14 /home/sap/tools/RISC-V/MSR_Community_V150/toolchain/RISC-V Embedded GCC/bin/../lib/gcc/riscv-none-embed/8.2.0/../../../../riscv-none-embed/lib/rv32imac/ilp32/libg_nano.a(lib_a-nano-msizer.o)
                0x00000000000072fe                _malloc_usable_size_r
 .text._close   0x0000000000007312        0xc /home/sap/tools/RISC-V/MSR_Community_V150/toolchain/RISC-V Embedded GCC/bin/../lib/gcc/riscv-none-embed/8.2.0/../../../../riscv-none-embed/lib/rv32imac/ilp32/libnosys.a(close.o)
                0x0000000000007312                _close
 .text._fstat   0x000000000000731e        0xc /home/sap/tools/RISC-V/MSR_Community_V150/toolchain/RISC-V Embedded GCC/bin/../lib/gcc/riscv-none-embed/8.2.0/../../../../riscv-none-embed/lib/rv32imac/ilp32/libnosys.a(fstat.o)
                0x000000000000731e                _fstat
 .text._isatty  0x000000000000732a        0xc /home/sap/tools/RISC-V/MSR_Community_V150/toolchain/RISC-V Embedded GCC/bin/../lib/gcc/riscv-none-embed/8.2.0/../../../../riscv-none-embed/lib/rv32imac/ilp32/libnosys.a(isatty.o)
                0x000000000000732a                _isatty
 .text._lseek   0x0000000000007336        0xc /home/sap/tools/RISC-V/MSR_Community_V150/toolchain/RISC-V Embedded GCC/bin/../lib/gcc/riscv-none-embed/8.2.0/../../../../riscv-none-embed/lib/rv32imac/ilp32/libnosys.a(lseek.o)
                0x0000000000007336                _lseek
 .text._read    0x0000000000007342        0xc /home/sap/tools/RISC-V/MSR_Community_V150/toolchain/RISC-V Embedded GCC/bin/../lib/gcc/riscv-none-embed/8.2.0/../../../../riscv-none-embed/lib/rv32imac/ilp32/libnosys.a(read.o)
                0x0000000000007342                _read
 *(.rodata)
 *(.rodata*)
 *fill*         0x000000000000734e        0x2 
 .rodata.font_Nimb_Bold_15_21_hx
                0x0000000000007350     0x2a00 ./User/lcd_text.o
                0x0000000000007350                font_Nimb_Bold_15_21_hx
 .rodata.font_Nimb_Bold_8_11_hx
                0x0000000000009d50     0x1600 ./User/lcd_text.o
                0x0000000000009d50                font_Nimb_Bold_8_11_hx
 .rodata.font_Nimb_Bold_Oblique_16_21_hx
                0x000000000000b350     0x2a00 ./User/lcd_text.o
                0x000000000000b350                font_Nimb_Bold_Oblique_16_21_hx
 .rodata.font_Nimb_Bold_Oblique_9_11_hx
                0x000000000000dd50     0x1600 ./User/lcd_text.o
                0x000000000000dd50                font_Nimb_Bold_Oblique_9_11_hx
 .rodata.font_Nimb_Regular_14_22_hx
                0x000000000000f350     0x2c00 ./User/lcd_text.o
                0x000000000000f350                font_Nimb_Regular_14_22_hx
 .rodata.font_Nimb_Regular_7_12_hx
                0x0000000000011f50     0x1800 ./User/lcd_text.o
                0x0000000000011f50                font_Nimb_Regular_7_12_hx
 .rodata.font_Nimb_Regular_Oblique_16_21_hx
                0x0000000000013750     0x2a00 ./User/lcd_text.o
                0x0000000000013750                font_Nimb_Regular_Oblique_16_21_hx
 .rodata.font_Nimb_Regular_Oblique_8_12_hx
                0x0000000000016150     0x1800 ./User/lcd_text.o
                0x0000000000016150                font_Nimb_Regular_Oblique_8_12_hx
 .rodata.iDecodeRusTable
                0x0000000000017950      0x100 ./User/lcd_text.o
 .rodata.lcd_RegisterFonts.str1.4
                0x0000000000017a50        0xe ./User/lcd_text.o
 *fill*         0x0000000000017a5e        0x2 
 .rodata.DrawScale.cst4
                0x0000000000017a60       0x18 ./User/main.o
 *fill*         0x0000000000017a78        0x0 
 .rodata.DrawScale.cst8
                0x0000000000017a78        0x8 ./User/main.o
 .rodata.DrawScale.str1.4
                0x0000000000017a80        0x3 ./User/main.o
 *fill*         0x0000000000017a83        0x1 
 .rodata.main.cst4
                0x0000000000017a84        0x4 ./User/main.o
 .rodata.main.cst8
                0x0000000000017a88       0x38 ./User/main.o
 .rodata.main.str1.4
                0x0000000000017ac0       0x8b ./User/main.o
                                         0x9b (size before relaxing)
 *fill*         0x0000000000017b4b        0x5 
 .rodata.__ieee754_rem_pio2.cst8
                0x0000000000017b50       0x48 /home/sap/tools/RISC-V/MSR_Community_V150/toolchain/RISC-V Embedded GCC/bin/../lib/gcc/riscv-none-embed/8.2.0/../../../../riscv-none-embed/lib/rv32imac/ilp32/libm.a(lib_a-e_rem_pio2.o)
 .rodata.npio2_hw
                0x0000000000017b98       0x80 /home/sap/tools/RISC-V/MSR_Community_V150/toolchain/RISC-V Embedded GCC/bin/../lib/gcc/riscv-none-embed/8.2.0/../../../../riscv-none-embed/lib/rv32imac/ilp32/libm.a(lib_a-e_rem_pio2.o)
 .rodata.two_over_pi
                0x0000000000017c18      0x108 /home/sap/tools/RISC-V/MSR_Community_V150/toolchain/RISC-V Embedded GCC/bin/../lib/gcc/riscv-none-embed/8.2.0/../../../../riscv-none-embed/lib/rv32imac/ilp32/libm.a(lib_a-e_rem_pio2.o)
 .rodata.__kernel_cos.cst8
                0x0000000000017d20       0x40 /home/sap/tools/RISC-V/MSR_Community_V150/toolchain/RISC-V Embedded GCC/bin/../lib/gcc/riscv-none-embed/8.2.0/../../../../riscv-none-embed/lib/rv32imac/ilp32/libm.a(lib_a-k_cos.o)
                                         0x50 (size before relaxing)
 .rodata.PIo2   0x0000000000017d60       0x40 /home/sap/tools/RISC-V/MSR_Community_V150/toolchain/RISC-V Embedded GCC/bin/../lib/gcc/riscv-none-embed/8.2.0/../../../../riscv-none-embed/lib/rv32imac/ilp32/libm.a(lib_a-k_rem_pio2.o)
 .rodata.__kernel_rem_pio2.cst8
                0x0000000000017da0       0x20 /home/sap/tools/RISC-V/MSR_Community_V150/toolchain/RISC-V Embedded GCC/bin/../lib/gcc/riscv-none-embed/8.2.0/../../../../riscv-none-embed/lib/rv32imac/ilp32/libm.a(lib_a-k_rem_pio2.o)
                                         0x38 (size before relaxing)
 .rodata.init_jk
                0x0000000000017dc0       0x10 /home/sap/tools/RISC-V/MSR_Community_V150/toolchain/RISC-V Embedded GCC/bin/../lib/gcc/riscv-none-embed/8.2.0/../../../../riscv-none-embed/lib/rv32imac/ilp32/libm.a(lib_a-k_rem_pio2.o)
 .rodata.__kernel_sin.cst8
                0x0000000000017dd0       0x30 /home/sap/tools/RISC-V/MSR_Community_V150/toolchain/RISC-V Embedded GCC/bin/../lib/gcc/riscv-none-embed/8.2.0/../../../../riscv-none-embed/lib/rv32imac/ilp32/libm.a(lib_a-k_sin.o)
                                         0x38 (size before relaxing)
 .rodata.floor.cst8
                0x0000000000017e00        0x8 /home/sap/tools/RISC-V/MSR_Community_V150/toolchain/RISC-V Embedded GCC/bin/../lib/gcc/riscv-none-embed/8.2.0/../../../../riscv-none-embed/lib/rv32imac/ilp32/libm.a(lib_a-s_floor.o)
 .rodata.scalbn.cst8
                0x0000000000017e08       0x18 /home/sap/tools/RISC-V/MSR_Community_V150/toolchain/RISC-V Embedded GCC/bin/../lib/gcc/riscv-none-embed/8.2.0/../../../../riscv-none-embed/lib/rv32imac/ilp32/libm.a(lib_a-s_scalbn.o)
                                         0x20 (size before relaxing)
 .rodata.__divdf3
                0x0000000000017e20       0x40 /home/sap/tools/RISC-V/MSR_Community_V150/toolchain/RISC-V Embedded GCC/bin/../lib/gcc/riscv-none-embed/8.2.0/rv32imac/ilp32/libgcc.a(divdf3.o)
 .rodata.__muldf3
                0x0000000000017e60       0x40 /home/sap/tools/RISC-V/MSR_Community_V150/toolchain/RISC-V Embedded GCC/bin/../lib/gcc/riscv-none-embed/8.2.0/rv32imac/ilp32/libgcc.a(muldf3.o)
 .rodata.__mulsf3
                0x0000000000017ea0       0x40 /home/sap/tools/RISC-V/MSR_Community_V150/toolchain/RISC-V Embedded GCC/bin/../lib/gcc/riscv-none-embed/8.2.0/rv32imac/ilp32/libgcc.a(mulsf3.o)
 .rodata.__clz_tab
                0x0000000000017ee0      0x100 /home/sap/tools/RISC-V/MSR_Community_V150/toolchain/RISC-V Embedded GCC/bin/../lib/gcc/riscv-none-embed/8.2.0/rv32imac/ilp32/libgcc.a(_clz.o)
                0x0000000000017ee0                __clz_tab
 .rodata.__sf_fake_stderr
                0x0000000000017fe0       0x20 /home/sap/tools/RISC-V/MSR_Community_V150/toolchain/RISC-V Embedded GCC/bin/../lib/gcc/riscv-none-embed/8.2.0/../../../../riscv-none-embed/lib/rv32imac/ilp32/libg_nano.a(lib_a-findfp.o)
                0x0000000000017fe0                __sf_fake_stderr
 .rodata.__sf_fake_stdin
                0x0000000000018000       0x20 /home/sap/tools/RISC-V/MSR_Community_V150/toolchain/RISC-V Embedded GCC/bin/../lib/gcc/riscv-none-embed/8.2.0/../../../../riscv-none-embed/lib/rv32imac/ilp32/libg_nano.a(lib_a-findfp.o)
                0x0000000000018000                __sf_fake_stdin
 .rodata.__sf_fake_stdout
                0x0000000000018020       0x20 /home/sap/tools/RISC-V/MSR_Community_V150/toolchain/RISC-V Embedded GCC/bin/../lib/gcc/riscv-none-embed/8.2.0/../../../../riscv-none-embed/lib/rv32imac/ilp32/libg_nano.a(lib_a-findfp.o)
                0x0000000000018020                __sf_fake_stdout
 .rodata._svfprintf_r.str1.4
                0x0000000000018040       0x13 /home/sap/tools/RISC-V/MSR_Community_V150/toolchain/RISC-V Embedded GCC/bin/../lib/gcc/riscv-none-embed/8.2.0/../../../../riscv-none-embed/lib/rv32imac/ilp32/libg_nano.a(lib_a-nano-svfprintf.o)
 .rodata._vfprintf_r.str1.4
                0x0000000000018053       0x13 /home/sap/tools/RISC-V/MSR_Community_V150/toolchain/RISC-V Embedded GCC/bin/../lib/gcc/riscv-none-embed/8.2.0/../../../../riscv-none-embed/lib/rv32imac/ilp32/libg_nano.a(lib_a-nano-vfprintf.o)
 *fill*         0x0000000000018053        0x1 
 .rodata._printf_i.str1.4
                0x0000000000018054       0x28 /home/sap/tools/RISC-V/MSR_Community_V150/toolchain/RISC-V Embedded GCC/bin/../lib/gcc/riscv-none-embed/8.2.0/../../../../riscv-none-embed/lib/rv32imac/ilp32/libg_nano.a(lib_a-nano-vfprintf_i.o)
                                         0x25 (size before relaxing)
 *(.gnu.linkonce.t.*)
                0x000000000001807c                . = ALIGN (0x4)

.rela.dyn       0x000000000001807c        0x0
 .rela.init     0x000000000001807c        0x0 ./User/ch32v30x_it.o
 .rela.vector   0x000000000001807c        0x0 ./User/ch32v30x_it.o
 .rela.text.handle_reset
                0x000000000001807c        0x0 ./User/ch32v30x_it.o
 .rela.text._sbrk
                0x000000000001807c        0x0 ./User/ch32v30x_it.o
 .rela.sdata.curbrk.5174
                0x000000000001807c        0x0 ./User/ch32v30x_it.o
 .rela.text._svfprintf_r
                0x000000000001807c        0x0 ./User/ch32v30x_it.o
 .rela.text._vfprintf_r
                0x000000000001807c        0x0 ./User/ch32v30x_it.o
 .rela.text._sbrk_r
                0x000000000001807c        0x0 ./User/ch32v30x_it.o
 .rela.text._write_r
                0x000000000001807c        0x0 ./User/ch32v30x_it.o
 .rela.text._close_r
                0x000000000001807c        0x0 ./User/ch32v30x_it.o
 .rela.text._lseek_r
                0x000000000001807c        0x0 ./User/ch32v30x_it.o
 .rela.text._read_r
                0x000000000001807c        0x0 ./User/ch32v30x_it.o
 .rela.text._fstat_r
                0x000000000001807c        0x0 ./User/ch32v30x_it.o
 .rela.text._isatty_r
                0x000000000001807c        0x0 ./User/ch32v30x_it.o
 .rela.text._close
                0x000000000001807c        0x0 ./User/ch32v30x_it.o
 .rela.text._fstat
                0x000000000001807c        0x0 ./User/ch32v30x_it.o
 .rela.text._isatty
                0x000000000001807c        0x0 ./User/ch32v30x_it.o
 .rela.text._lseek
                0x000000000001807c        0x0 ./User/ch32v30x_it.o
 .rela.text._read
                0x000000000001807c        0x0 ./User/ch32v30x_it.o

.fini           0x000000000001807c        0x0
 *(SORT_NONE(.fini))
                0x000000000001807c                . = ALIGN (0x4)
                [!provide]                        PROVIDE (_etext = .)
                [!provide]                        PROVIDE (_eitcm = .)

.preinit_array  0x000000000001807c        0x0
                [!provide]                        PROVIDE (__preinit_array_start = .)
 *(.preinit_array)
                [!provide]                        PROVIDE (__preinit_array_end = .)

.init_array     0x000000000001807c        0x0
                [!provide]                        PROVIDE (__init_array_start = .)
 *(SORT_BY_INIT_PRIORITY(.init_array.*) SORT_BY_INIT_PRIORITY(.ctors.*))
 *(.init_array EXCLUDE_FILE(*crtend?.o *crtend.o *crtbegin?.o *crtbegin.o) .ctors)
                [!provide]                        PROVIDE (__init_array_end = .)

.fini_array     0x000000000001807c        0x0
                [!provide]                        PROVIDE (__fini_array_start = .)
 *(SORT_BY_INIT_PRIORITY(.fini_array.*) SORT_BY_INIT_PRIORITY(.dtors.*))
 *(.fini_array EXCLUDE_FILE(*crtend?.o *crtend.o *crtbegin?.o *crtbegin.o) .dtors)
                [!provide]                        PROVIDE (__fini_array_end = .)

.ctors
 *crtbegin.o(.ctors)
 *crtbegin?.o(.ctors)
 *(EXCLUDE_FILE(*crtend?.o *crtend.o) .ctors)
 *(SORT_BY_NAME(.ctors.*))
 *(.ctors)

.dtors
 *crtbegin.o(.dtors)
 *crtbegin?.o(.dtors)
 *(EXCLUDE_FILE(*crtend?.o *crtend.o) .dtors)
 *(SORT_BY_NAME(.dtors.*))
 *(.dtors)

.dalign         0x0000000020000000        0x0 load address 0x000000000001807c
                0x0000000020000000                . = ALIGN (0x4)
                0x0000000020000000                PROVIDE (_data_vma = .)

.dlalign        0x000000000001807c        0x0
                0x000000000001807c                . = ALIGN (0x4)
                0x000000000001807c                PROVIDE (_data_lma = .)

.data           0x0000000020000000       0x98 load address 0x000000000001807c
 *(.gnu.linkonce.r.*)
 *(.data .data.*)
 .data.AHBPrescTable
                0x0000000020000000       0x10 ./User/system_ch32v30x.o
                0x0000000020000000                AHBPrescTable
 .data.APBAHBPrescTable
                0x0000000020000010       0x10 ./Peripheral/src/ch32v30x_rcc.o
 .data.impure_data
                0x0000000020000020       0x60 /home/sap/tools/RISC-V/MSR_Community_V150/toolchain/RISC-V Embedded GCC/bin/../lib/gcc/riscv-none-embed/8.2.0/../../../../riscv-none-embed/lib/rv32imac/ilp32/libg_nano.a(lib_a-impure.o)
 *(.gnu.linkonce.d.*)
                0x0000000020000080                . = ALIGN (0x8)
                0x0000000020000880                PROVIDE (__global_pointer$ = (. + 0x800))
 *(.sdata .sdata.*)
 .sdata.SystemCoreClock
                0x0000000020000080        0x4 ./User/system_ch32v30x.o
                0x0000000020000080                SystemCoreClock
 .sdata.ADCPrescTable
                0x0000000020000084        0x4 ./Peripheral/src/ch32v30x_rcc.o
 .sdata.curbrk.5174
                0x0000000020000088        0x4 ./Debug/debug.o
 .sdata._impure_ptr
                0x000000002000008c        0x4 /home/sap/tools/RISC-V/MSR_Community_V150/toolchain/RISC-V Embedded GCC/bin/../lib/gcc/riscv-none-embed/8.2.0/../../../../riscv-none-embed/lib/rv32imac/ilp32/libg_nano.a(lib_a-impure.o)
                0x000000002000008c                _impure_ptr
 *(.sdata2.*)
 .sdata2._global_impure_ptr
                0x0000000020000090        0x4 /home/sap/tools/RISC-V/MSR_Community_V150/toolchain/RISC-V Embedded GCC/bin/../lib/gcc/riscv-none-embed/8.2.0/../../../../riscv-none-embed/lib/rv32imac/ilp32/libg_nano.a(lib_a-impure.o)
                0x0000000020000090                _global_impure_ptr
 *(.gnu.linkonce.s.*)
                0x0000000020000098                . = ALIGN (0x8)
 *fill*         0x0000000020000094        0x4 
 *(.srodata.cst16)
 *(.srodata.cst8)
 *(.srodata.cst4)
 *(.srodata.cst2)
 *(.srodata .srodata.*)
                0x0000000020000098                . = ALIGN (0x4)
                0x0000000020000098                PROVIDE (_edata = .)

.bss            0x0000000020000098      0x554 load address 0x0000000000018114
                0x0000000020000098                . = ALIGN (0x4)
                0x0000000020000098                PROVIDE (_sbss = .)
 *(.sbss*)
 .sbss.CurrentColor
                0x0000000020000098        0x4 ./User/lcd_text.o
 .sbss.CurrentDrawX
                0x000000002000009c        0x4 ./User/lcd_text.o
 .sbss.CurrentDrawY
                0x00000000200000a0        0x4 ./User/lcd_text.o
 .sbss.CurrentFont
                0x00000000200000a4        0x4 ./User/lcd_text.o
 .sbss.CurrentTextBkColor
                0x00000000200000a8        0x4 ./User/lcd_text.o
 .sbss.iFontsNumber
                0x00000000200000ac        0x4 ./User/lcd_text.o
 .sbss.calibration_value
                0x00000000200000b0        0x2 ./User/main.o
                0x00000000200000b0                calibration_value
 .sbss.i        0x00000000200000b2        0x1 ./User/main.o
                0x00000000200000b2                i
 *fill*         0x00000000200000b3        0x1 
 .sbss.myCount  0x00000000200000b4        0x4 ./User/main.o
                0x00000000200000b4                myCount
 .sbss.NVIC_Priority_Group
                0x00000000200000b8        0x4 ./Peripheral/src/ch32v30x_misc.o
                0x00000000200000b8                NVIC_Priority_Group
 .sbss.p_ms     0x00000000200000bc        0x2 ./Debug/debug.o
 .sbss.p_us     0x00000000200000be        0x1 ./Debug/debug.o
 *fill*         0x00000000200000bf        0x1 
 .sbss.__malloc_free_list
                0x00000000200000c0        0x4 /home/sap/tools/RISC-V/MSR_Community_V150/toolchain/RISC-V Embedded GCC/bin/../lib/gcc/riscv-none-embed/8.2.0/../../../../riscv-none-embed/lib/rv32imac/ilp32/libg_nano.a(lib_a-nano-mallocr.o)
                0x00000000200000c0                __malloc_free_list
 .sbss.__malloc_sbrk_start
                0x00000000200000c4        0x4 /home/sap/tools/RISC-V/MSR_Community_V150/toolchain/RISC-V Embedded GCC/bin/../lib/gcc/riscv-none-embed/8.2.0/../../../../riscv-none-embed/lib/rv32imac/ilp32/libg_nano.a(lib_a-nano-mallocr.o)
                0x00000000200000c4                __malloc_sbrk_start
 *(.gnu.linkonce.sb.*)
 *(.bss*)
 .bss.FontTmp   0x00000000200000c8       0x4c ./User/lcd_text.o
 .bss.FontsBase
                0x0000000020000114      0x2f8 ./User/lcd_text.o
 .bss.vdata     0x000000002000040c      0x1dc ./User/main.o
                0x000000002000040c                vdata
 *(.gnu.linkonce.b.*)
 *(COMMON*)
 COMMON         0x00000000200005e8        0x4 /home/sap/tools/RISC-V/MSR_Community_V150/toolchain/RISC-V Embedded GCC/bin/../lib/gcc/riscv-none-embed/8.2.0/../../../../riscv-none-embed/lib/rv32imac/ilp32/libg_nano.a(lib_a-reent.o)
                0x00000000200005e8                errno
                0x00000000200005ec                . = ALIGN (0x4)
                0x00000000200005ec                PROVIDE (_ebss = .)
                0x00000000200005ec                PROVIDE (_end = _ebss)
                [!provide]                        PROVIDE (end = .)

.stack          0x0000000020007800      0x800
                0x0000000020007800                PROVIDE (_heap_end = .)
                0x0000000020007800                . = ALIGN (0x4)
                [!provide]                        PROVIDE (_susrstack = .)
                0x0000000020008000                . = (. + __stack_size)
 *fill*         0x0000000020007800      0x800 
                0x0000000020008000                PROVIDE (_eusrstack = .)
OUTPUT(CH32V303CBT6_dev.elf elf32-littleriscv)

.debug_info     0x0000000000000000    0x12320
 .debug_info    0x0000000000000000      0x962 ./User/ch32v30x_it.o
 .debug_info    0x0000000000000962     0x2541 ./User/lcd.o
 .debug_info    0x0000000000002ea3     0x1470 ./User/lcd_text.o
 .debug_info    0x0000000000004313     0x2834 ./User/main.o
 .debug_info    0x0000000000006b47      0xb89 ./User/system_ch32v30x.o
 .debug_info    0x00000000000076d0       0x22 ./Startup/startup_ch32v30x_D8.o
 .debug_info    0x00000000000076f2     0x16e9 ./Peripheral/src/ch32v30x_adc.o
 .debug_info    0x0000000000008ddb     0x1093 ./Peripheral/src/ch32v30x_gpio.o
 .debug_info    0x0000000000009e6e      0xf36 ./Peripheral/src/ch32v30x_misc.o
 .debug_info    0x000000000000ada4     0x155d ./Peripheral/src/ch32v30x_rcc.o
 .debug_info    0x000000000000c301     0x12cd ./Peripheral/src/ch32v30x_spi.o
 .debug_info    0x000000000000d5ce     0x2a16 ./Peripheral/src/ch32v30x_tim.o
 .debug_info    0x000000000000ffe4     0x1420 ./Peripheral/src/ch32v30x_usart.o
 .debug_info    0x0000000000011404      0xf1c ./Debug/debug.o

.debug_abbrev   0x0000000000000000     0x2ca7
 .debug_abbrev  0x0000000000000000      0x1cf ./User/ch32v30x_it.o
 .debug_abbrev  0x00000000000001cf      0x4c2 ./User/lcd.o
 .debug_abbrev  0x0000000000000691      0x39b ./User/lcd_text.o
 .debug_abbrev  0x0000000000000a2c      0x586 ./User/main.o
 .debug_abbrev  0x0000000000000fb2      0x2c0 ./User/system_ch32v30x.o
 .debug_abbrev  0x0000000000001272       0x12 ./Startup/startup_ch32v30x_D8.o
 .debug_abbrev  0x0000000000001284      0x3a9 ./Peripheral/src/ch32v30x_adc.o
 .debug_abbrev  0x000000000000162d      0x309 ./Peripheral/src/ch32v30x_gpio.o
 .debug_abbrev  0x0000000000001936      0x2fb ./Peripheral/src/ch32v30x_misc.o
 .debug_abbrev  0x0000000000001c31      0x351 ./Peripheral/src/ch32v30x_rcc.o
 .debug_abbrev  0x0000000000001f82      0x312 ./Peripheral/src/ch32v30x_spi.o
 .debug_abbrev  0x0000000000002294      0x408 ./Peripheral/src/ch32v30x_tim.o
 .debug_abbrev  0x000000000000269c      0x312 ./Peripheral/src/ch32v30x_usart.o
 .debug_abbrev  0x00000000000029ae      0x2f9 ./Debug/debug.o

.debug_aranges  0x0000000000000000      0xb10
 .debug_aranges
                0x0000000000000000       0x28 ./User/ch32v30x_it.o
 .debug_aranges
                0x0000000000000028       0xa0 ./User/lcd.o
 .debug_aranges
                0x00000000000000c8       0xa0 ./User/lcd_text.o
 .debug_aranges
                0x0000000000000168       0xa0 ./User/main.o
 .debug_aranges
                0x0000000000000208       0x28 ./User/system_ch32v30x.o
 .debug_aranges
                0x0000000000000230       0x30 ./Startup/startup_ch32v30x_D8.o
 .debug_aranges
                0x0000000000000260      0x150 ./Peripheral/src/ch32v30x_adc.o
 .debug_aranges
                0x00000000000003b0       0xa8 ./Peripheral/src/ch32v30x_gpio.o
 .debug_aranges
                0x0000000000000458       0x28 ./Peripheral/src/ch32v30x_misc.o
 .debug_aranges
                0x0000000000000480      0x1a8 ./Peripheral/src/ch32v30x_rcc.o
 .debug_aranges
                0x0000000000000628       0xd0 ./Peripheral/src/ch32v30x_spi.o
 .debug_aranges
                0x00000000000006f8      0x2d0 ./Peripheral/src/ch32v30x_tim.o
 .debug_aranges
                0x00000000000009c8      0x100 ./Peripheral/src/ch32v30x_usart.o
 .debug_aranges
                0x0000000000000ac8       0x48 ./Debug/debug.o

.debug_ranges   0x0000000000000000      0xc18
 .debug_ranges  0x0000000000000000       0x18 ./User/ch32v30x_it.o
 .debug_ranges  0x0000000000000018      0x188 ./User/lcd.o
 .debug_ranges  0x00000000000001a0       0x90 ./User/lcd_text.o
 .debug_ranges  0x0000000000000230       0xf8 ./User/main.o
 .debug_ranges  0x0000000000000328       0x38 ./User/system_ch32v30x.o
 .debug_ranges  0x0000000000000360       0x28 ./Startup/startup_ch32v30x_D8.o
 .debug_ranges  0x0000000000000388      0x140 ./Peripheral/src/ch32v30x_adc.o
 .debug_ranges  0x00000000000004c8       0x98 ./Peripheral/src/ch32v30x_gpio.o
 .debug_ranges  0x0000000000000560       0x48 ./Peripheral/src/ch32v30x_misc.o
 .debug_ranges  0x00000000000005a8      0x198 ./Peripheral/src/ch32v30x_rcc.o
 .debug_ranges  0x0000000000000740       0xc0 ./Peripheral/src/ch32v30x_spi.o
 .debug_ranges  0x0000000000000800      0x2f0 ./Peripheral/src/ch32v30x_tim.o
 .debug_ranges  0x0000000000000af0       0xf0 ./Peripheral/src/ch32v30x_usart.o
 .debug_ranges  0x0000000000000be0       0x38 ./Debug/debug.o

.debug_line     0x0000000000000000     0xe1d4
 .debug_line    0x0000000000000000      0x24d ./User/ch32v30x_it.o
 .debug_line    0x000000000000024d     0x147c ./User/lcd.o
 .debug_line    0x00000000000016c9      0xe39 ./User/lcd_text.o
 .debug_line    0x0000000000002502     0x183d ./User/main.o
 .debug_line    0x0000000000003d3f      0x6c9 ./User/system_ch32v30x.o
 .debug_line    0x0000000000004408      0x319 ./Startup/startup_ch32v30x_D8.o
 .debug_line    0x0000000000004721     0x1889 ./Peripheral/src/ch32v30x_adc.o
 .debug_line    0x0000000000005faa      0xd8a ./Peripheral/src/ch32v30x_gpio.o
 .debug_line    0x0000000000006d34      0x4ed ./Peripheral/src/ch32v30x_misc.o
 .debug_line    0x0000000000007221     0x17f3 ./Peripheral/src/ch32v30x_rcc.o
 .debug_line    0x0000000000008a14      0xd4c ./Peripheral/src/ch32v30x_spi.o
 .debug_line    0x0000000000009760     0x3312 ./Peripheral/src/ch32v30x_tim.o
 .debug_line    0x000000000000ca72     0x1043 ./Peripheral/src/ch32v30x_usart.o
 .debug_line    0x000000000000dab5      0x71f ./Debug/debug.o

.debug_str      0x0000000000000000     0x38be
 .debug_str     0x0000000000000000      0x54d ./User/ch32v30x_it.o
                                        0x5ae (size before relaxing)
 .debug_str     0x000000000000054d      0x503 ./User/lcd.o
                                        0xac3 (size before relaxing)
 .debug_str     0x0000000000000a50      0x47b ./User/lcd_text.o
                                        0xa4c (size before relaxing)
 .debug_str     0x0000000000000ecb      0xcb7 ./User/main.o
                                       0x15cf (size before relaxing)
 .debug_str     0x0000000000001b82       0xf5 ./User/system_ch32v30x.o
                                        0x6c4 (size before relaxing)
 .debug_str     0x0000000000001c77       0x2d ./Startup/startup_ch32v30x_D8.o
                                         0x63 (size before relaxing)
 .debug_str     0x0000000000001ca4      0x3c8 ./Peripheral/src/ch32v30x_adc.o
                                        0xc0f (size before relaxing)
 .debug_str     0x000000000000206c      0x1e2 ./Peripheral/src/ch32v30x_gpio.o
                                        0x969 (size before relaxing)
 .debug_str     0x000000000000224e       0x8a ./Peripheral/src/ch32v30x_misc.o
                                        0xc41 (size before relaxing)
 .debug_str     0x00000000000022d8      0x525 ./Peripheral/src/ch32v30x_rcc.o
                                        0xcb9 (size before relaxing)
 .debug_str     0x00000000000027fd      0x260 ./Peripheral/src/ch32v30x_spi.o
                                        0xa87 (size before relaxing)
 .debug_str     0x0000000000002a5d      0x9f3 ./Peripheral/src/ch32v30x_tim.o
                                       0x1273 (size before relaxing)
 .debug_str     0x0000000000003450      0x3f8 ./Peripheral/src/ch32v30x_usart.o
                                        0xb0f (size before relaxing)
 .debug_str     0x0000000000003848       0x76 ./Debug/debug.o
                                        0x8f7 (size before relaxing)

.comment        0x0000000000000000       0x33
 .comment       0x0000000000000000       0x33 ./User/ch32v30x_it.o
                                         0x34 (size before relaxing)
 .comment       0x0000000000000033       0x34 ./User/lcd.o
 .comment       0x0000000000000033       0x34 ./User/lcd_text.o
 .comment       0x0000000000000033       0x34 ./User/main.o
 .comment       0x0000000000000033       0x34 ./User/system_ch32v30x.o
 .comment       0x0000000000000033       0x34 ./Peripheral/src/ch32v30x_adc.o
 .comment       0x0000000000000033       0x34 ./Peripheral/src/ch32v30x_gpio.o
 .comment       0x0000000000000033       0x34 ./Peripheral/src/ch32v30x_misc.o
 .comment       0x0000000000000033       0x34 ./Peripheral/src/ch32v30x_rcc.o
 .comment       0x0000000000000033       0x34 ./Peripheral/src/ch32v30x_spi.o
 .comment       0x0000000000000033       0x34 ./Peripheral/src/ch32v30x_tim.o
 .comment       0x0000000000000033       0x34 ./Peripheral/src/ch32v30x_usart.o
 .comment       0x0000000000000033       0x34 ./Debug/debug.o

.debug_frame    0x0000000000000000     0x2ab0
 .debug_frame   0x0000000000000000       0x30 ./User/ch32v30x_it.o
 .debug_frame   0x0000000000000030      0x2c0 ./User/lcd.o
 .debug_frame   0x00000000000002f0      0x1dc ./User/lcd_text.o
 .debug_frame   0x00000000000004cc      0x294 ./User/main.o
 .debug_frame   0x0000000000000760       0x3c ./User/system_ch32v30x.o
 .debug_frame   0x000000000000079c      0x2b4 ./Peripheral/src/ch32v30x_adc.o
 .debug_frame   0x0000000000000a50      0x148 ./Peripheral/src/ch32v30x_gpio.o
 .debug_frame   0x0000000000000b98       0x30 ./Peripheral/src/ch32v30x_misc.o
 .debug_frame   0x0000000000000bc8      0x344 ./Peripheral/src/ch32v30x_rcc.o
 .debug_frame   0x0000000000000f0c      0x1a8 ./Peripheral/src/ch32v30x_spi.o
 .debug_frame   0x00000000000010b4      0x614 ./Peripheral/src/ch32v30x_tim.o
 .debug_frame   0x00000000000016c8      0x204 ./Peripheral/src/ch32v30x_usart.o
 .debug_frame   0x00000000000018cc       0x9c ./Debug/debug.o
 .debug_frame   0x0000000000001968       0x40 /home/sap/tools/RISC-V/MSR_Community_V150/toolchain/RISC-V Embedded GCC/bin/../lib/gcc/riscv-none-embed/8.2.0/../../../../riscv-none-embed/lib/rv32imac/ilp32/libm.a(lib_a-s_cos.o)
 .debug_frame   0x00000000000019a8       0x40 /home/sap/tools/RISC-V/MSR_Community_V150/toolchain/RISC-V Embedded GCC/bin/../lib/gcc/riscv-none-embed/8.2.0/../../../../riscv-none-embed/lib/rv32imac/ilp32/libm.a(lib_a-s_sin.o)
 .debug_frame   0x00000000000019e8       0x60 /home/sap/tools/RISC-V/MSR_Community_V150/toolchain/RISC-V Embedded GCC/bin/../lib/gcc/riscv-none-embed/8.2.0/../../../../riscv-none-embed/lib/rv32imac/ilp32/libm.a(lib_a-e_rem_pio2.o)
 .debug_frame   0x0000000000001a48       0x64 /home/sap/tools/RISC-V/MSR_Community_V150/toolchain/RISC-V Embedded GCC/bin/../lib/gcc/riscv-none-embed/8.2.0/../../../../riscv-none-embed/lib/rv32imac/ilp32/libm.a(lib_a-k_cos.o)
 .debug_frame   0x0000000000001aac       0x64 /home/sap/tools/RISC-V/MSR_Community_V150/toolchain/RISC-V Embedded GCC/bin/../lib/gcc/riscv-none-embed/8.2.0/../../../../riscv-none-embed/lib/rv32imac/ilp32/libm.a(lib_a-k_rem_pio2.o)
 .debug_frame   0x0000000000001b10       0x60 /home/sap/tools/RISC-V/MSR_Community_V150/toolchain/RISC-V Embedded GCC/bin/../lib/gcc/riscv-none-embed/8.2.0/../../../../riscv-none-embed/lib/rv32imac/ilp32/libm.a(lib_a-k_sin.o)
 .debug_frame   0x0000000000001b70       0x20 /home/sap/tools/RISC-V/MSR_Community_V150/toolchain/RISC-V Embedded GCC/bin/../lib/gcc/riscv-none-embed/8.2.0/../../../../riscv-none-embed/lib/rv32imac/ilp32/libm.a(lib_a-s_fabs.o)
 .debug_frame   0x0000000000001b90       0x4c /home/sap/tools/RISC-V/MSR_Community_V150/toolchain/RISC-V Embedded GCC/bin/../lib/gcc/riscv-none-embed/8.2.0/../../../../riscv-none-embed/lib/rv32imac/ilp32/libm.a(lib_a-s_floor.o)
 .debug_frame   0x0000000000001bdc       0x64 /home/sap/tools/RISC-V/MSR_Community_V150/toolchain/RISC-V Embedded GCC/bin/../lib/gcc/riscv-none-embed/8.2.0/../../../../riscv-none-embed/lib/rv32imac/ilp32/libm.a(lib_a-s_scalbn.o)
 .debug_frame   0x0000000000001c40       0x20 /home/sap/tools/RISC-V/MSR_Community_V150/toolchain/RISC-V Embedded GCC/bin/../lib/gcc/riscv-none-embed/8.2.0/../../../../riscv-none-embed/lib/rv32imac/ilp32/libm.a(lib_a-s_copysign.o)
 .debug_frame   0x0000000000001c60       0x44 /home/sap/tools/RISC-V/MSR_Community_V150/toolchain/RISC-V Embedded GCC/bin/../lib/gcc/riscv-none-embed/8.2.0/rv32imac/ilp32/libgcc.a(adddf3.o)
 .debug_frame   0x0000000000001ca4       0x50 /home/sap/tools/RISC-V/MSR_Community_V150/toolchain/RISC-V Embedded GCC/bin/../lib/gcc/riscv-none-embed/8.2.0/rv32imac/ilp32/libgcc.a(divdf3.o)
 .debug_frame   0x0000000000001cf4       0x20 /home/sap/tools/RISC-V/MSR_Community_V150/toolchain/RISC-V Embedded GCC/bin/../lib/gcc/riscv-none-embed/8.2.0/rv32imac/ilp32/libgcc.a(eqdf2.o)
 .debug_frame   0x0000000000001d14       0x20 /home/sap/tools/RISC-V/MSR_Community_V150/toolchain/RISC-V Embedded GCC/bin/../lib/gcc/riscv-none-embed/8.2.0/rv32imac/ilp32/libgcc.a(gedf2.o)
 .debug_frame   0x0000000000001d34       0x54 /home/sap/tools/RISC-V/MSR_Community_V150/toolchain/RISC-V Embedded GCC/bin/../lib/gcc/riscv-none-embed/8.2.0/rv32imac/ilp32/libgcc.a(muldf3.o)
 .debug_frame   0x0000000000001d88       0x44 /home/sap/tools/RISC-V/MSR_Community_V150/toolchain/RISC-V Embedded GCC/bin/../lib/gcc/riscv-none-embed/8.2.0/rv32imac/ilp32/libgcc.a(subdf3.o)
 .debug_frame   0x0000000000001dcc       0x20 /home/sap/tools/RISC-V/MSR_Community_V150/toolchain/RISC-V Embedded GCC/bin/../lib/gcc/riscv-none-embed/8.2.0/rv32imac/ilp32/libgcc.a(fixdfsi.o)
 .debug_frame   0x0000000000001dec       0x20 /home/sap/tools/RISC-V/MSR_Community_V150/toolchain/RISC-V Embedded GCC/bin/../lib/gcc/riscv-none-embed/8.2.0/rv32imac/ilp32/libgcc.a(fixunsdfsi.o)
 .debug_frame   0x0000000000001e0c       0x38 /home/sap/tools/RISC-V/MSR_Community_V150/toolchain/RISC-V Embedded GCC/bin/../lib/gcc/riscv-none-embed/8.2.0/rv32imac/ilp32/libgcc.a(floatsidf.o)
 .debug_frame   0x0000000000001e44       0x40 /home/sap/tools/RISC-V/MSR_Community_V150/toolchain/RISC-V Embedded GCC/bin/../lib/gcc/riscv-none-embed/8.2.0/rv32imac/ilp32/libgcc.a(addsf3.o)
 .debug_frame   0x0000000000001e84       0x50 /home/sap/tools/RISC-V/MSR_Community_V150/toolchain/RISC-V Embedded GCC/bin/../lib/gcc/riscv-none-embed/8.2.0/rv32imac/ilp32/libgcc.a(mulsf3.o)
 .debug_frame   0x0000000000001ed4       0x20 /home/sap/tools/RISC-V/MSR_Community_V150/toolchain/RISC-V Embedded GCC/bin/../lib/gcc/riscv-none-embed/8.2.0/rv32imac/ilp32/libgcc.a(fixsfsi.o)
 .debug_frame   0x0000000000001ef4       0x38 /home/sap/tools/RISC-V/MSR_Community_V150/toolchain/RISC-V Embedded GCC/bin/../lib/gcc/riscv-none-embed/8.2.0/rv32imac/ilp32/libgcc.a(floatsisf.o)
 .debug_frame   0x0000000000001f2c       0x44 /home/sap/tools/RISC-V/MSR_Community_V150/toolchain/RISC-V Embedded GCC/bin/../lib/gcc/riscv-none-embed/8.2.0/rv32imac/ilp32/libgcc.a(floatunsisf.o)
 .debug_frame   0x0000000000001f70       0x38 /home/sap/tools/RISC-V/MSR_Community_V150/toolchain/RISC-V Embedded GCC/bin/../lib/gcc/riscv-none-embed/8.2.0/rv32imac/ilp32/libgcc.a(extendsfdf2.o)
 .debug_frame   0x0000000000001fa8       0x20 /home/sap/tools/RISC-V/MSR_Community_V150/toolchain/RISC-V Embedded GCC/bin/../lib/gcc/riscv-none-embed/8.2.0/rv32imac/ilp32/libgcc.a(truncdfsf2.o)
 .debug_frame   0x0000000000001fc8       0x20 /home/sap/tools/RISC-V/MSR_Community_V150/toolchain/RISC-V Embedded GCC/bin/../lib/gcc/riscv-none-embed/8.2.0/rv32imac/ilp32/libgcc.a(_clzsi2.o)
 .debug_frame   0x0000000000001fe8       0x20 /home/sap/tools/RISC-V/MSR_Community_V150/toolchain/RISC-V Embedded GCC/bin/../lib/gcc/riscv-none-embed/8.2.0/../../../../riscv-none-embed/lib/rv32imac/ilp32/libg_nano.a(lib_a-memcpy.o)
 .debug_frame   0x0000000000002008       0x54 /home/sap/tools/RISC-V/MSR_Community_V150/toolchain/RISC-V Embedded GCC/bin/../lib/gcc/riscv-none-embed/8.2.0/../../../../riscv-none-embed/lib/rv32imac/ilp32/libg_nano.a(lib_a-printf.o)
 .debug_frame   0x000000000000205c       0x48 /home/sap/tools/RISC-V/MSR_Community_V150/toolchain/RISC-V Embedded GCC/bin/../lib/gcc/riscv-none-embed/8.2.0/../../../../riscv-none-embed/lib/rv32imac/ilp32/libg_nano.a(lib_a-sprintf.o)
 .debug_frame   0x00000000000020a4       0x20 /home/sap/tools/RISC-V/MSR_Community_V150/toolchain/RISC-V Embedded GCC/bin/../lib/gcc/riscv-none-embed/8.2.0/../../../../riscv-none-embed/lib/rv32imac/ilp32/libg_nano.a(lib_a-strcpy.o)
 .debug_frame   0x00000000000020c4       0x20 /home/sap/tools/RISC-V/MSR_Community_V150/toolchain/RISC-V Embedded GCC/bin/../lib/gcc/riscv-none-embed/8.2.0/../../../../riscv-none-embed/lib/rv32imac/ilp32/libg_nano.a(lib_a-strlen.o)
 .debug_frame   0x00000000000020e4      0x148 /home/sap/tools/RISC-V/MSR_Community_V150/toolchain/RISC-V Embedded GCC/bin/../lib/gcc/riscv-none-embed/8.2.0/../../../../riscv-none-embed/lib/rv32imac/ilp32/libg_nano.a(lib_a-findfp.o)
 .debug_frame   0x000000000000222c       0x88 /home/sap/tools/RISC-V/MSR_Community_V150/toolchain/RISC-V Embedded GCC/bin/../lib/gcc/riscv-none-embed/8.2.0/../../../../riscv-none-embed/lib/rv32imac/ilp32/libg_nano.a(lib_a-fwalk.o)
 .debug_frame   0x00000000000022b4       0x40 /home/sap/tools/RISC-V/MSR_Community_V150/toolchain/RISC-V Embedded GCC/bin/../lib/gcc/riscv-none-embed/8.2.0/../../../../riscv-none-embed/lib/rv32imac/ilp32/libg_nano.a(lib_a-nano-mallocr.o)
 .debug_frame   0x00000000000022f4       0xe0 /home/sap/tools/RISC-V/MSR_Community_V150/toolchain/RISC-V Embedded GCC/bin/../lib/gcc/riscv-none-embed/8.2.0/../../../../riscv-none-embed/lib/rv32imac/ilp32/libg_nano.a(lib_a-nano-svfprintf.o)
 .debug_frame   0x00000000000023d4       0xd0 /home/sap/tools/RISC-V/MSR_Community_V150/toolchain/RISC-V Embedded GCC/bin/../lib/gcc/riscv-none-embed/8.2.0/../../../../riscv-none-embed/lib/rv32imac/ilp32/libg_nano.a(lib_a-nano-vfprintf.o)
 .debug_frame   0x00000000000024a4       0x8c /home/sap/tools/RISC-V/MSR_Community_V150/toolchain/RISC-V Embedded GCC/bin/../lib/gcc/riscv-none-embed/8.2.0/../../../../riscv-none-embed/lib/rv32imac/ilp32/libg_nano.a(lib_a-nano-vfprintf_i.o)
 .debug_frame   0x0000000000002530       0x30 /home/sap/tools/RISC-V/MSR_Community_V150/toolchain/RISC-V Embedded GCC/bin/../lib/gcc/riscv-none-embed/8.2.0/../../../../riscv-none-embed/lib/rv32imac/ilp32/libg_nano.a(lib_a-sbrkr.o)
 .debug_frame   0x0000000000002560       0xa4 /home/sap/tools/RISC-V/MSR_Community_V150/toolchain/RISC-V Embedded GCC/bin/../lib/gcc/riscv-none-embed/8.2.0/../../../../riscv-none-embed/lib/rv32imac/ilp32/libg_nano.a(lib_a-stdio.o)
 .debug_frame   0x0000000000002604       0x50 /home/sap/tools/RISC-V/MSR_Community_V150/toolchain/RISC-V Embedded GCC/bin/../lib/gcc/riscv-none-embed/8.2.0/../../../../riscv-none-embed/lib/rv32imac/ilp32/libg_nano.a(lib_a-wbuf.o)
 .debug_frame   0x0000000000002654       0x30 /home/sap/tools/RISC-V/MSR_Community_V150/toolchain/RISC-V Embedded GCC/bin/../lib/gcc/riscv-none-embed/8.2.0/../../../../riscv-none-embed/lib/rv32imac/ilp32/libg_nano.a(lib_a-writer.o)
 .debug_frame   0x0000000000002684       0x3c /home/sap/tools/RISC-V/MSR_Community_V150/toolchain/RISC-V Embedded GCC/bin/../lib/gcc/riscv-none-embed/8.2.0/../../../../riscv-none-embed/lib/rv32imac/ilp32/libg_nano.a(lib_a-wsetup.o)
 .debug_frame   0x00000000000026c0       0x30 /home/sap/tools/RISC-V/MSR_Community_V150/toolchain/RISC-V Embedded GCC/bin/../lib/gcc/riscv-none-embed/8.2.0/../../../../riscv-none-embed/lib/rv32imac/ilp32/libg_nano.a(lib_a-closer.o)
 .debug_frame   0x00000000000026f0       0x7c /home/sap/tools/RISC-V/MSR_Community_V150/toolchain/RISC-V Embedded GCC/bin/../lib/gcc/riscv-none-embed/8.2.0/../../../../riscv-none-embed/lib/rv32imac/ilp32/libg_nano.a(lib_a-fflush.o)
 .debug_frame   0x000000000000276c       0x30 /home/sap/tools/RISC-V/MSR_Community_V150/toolchain/RISC-V Embedded GCC/bin/../lib/gcc/riscv-none-embed/8.2.0/../../../../riscv-none-embed/lib/rv32imac/ilp32/libg_nano.a(lib_a-lseekr.o)
 .debug_frame   0x000000000000279c       0x64 /home/sap/tools/RISC-V/MSR_Community_V150/toolchain/RISC-V Embedded GCC/bin/../lib/gcc/riscv-none-embed/8.2.0/../../../../riscv-none-embed/lib/rv32imac/ilp32/libg_nano.a(lib_a-makebuf.o)
 .debug_frame   0x0000000000002800       0x20 /home/sap/tools/RISC-V/MSR_Community_V150/toolchain/RISC-V Embedded GCC/bin/../lib/gcc/riscv-none-embed/8.2.0/../../../../riscv-none-embed/lib/rv32imac/ilp32/libg_nano.a(lib_a-memchr.o)
 .debug_frame   0x0000000000002820       0x20 /home/sap/tools/RISC-V/MSR_Community_V150/toolchain/RISC-V Embedded GCC/bin/../lib/gcc/riscv-none-embed/8.2.0/../../../../riscv-none-embed/lib/rv32imac/ilp32/libg_nano.a(lib_a-memmove.o)
 .debug_frame   0x0000000000002840       0x30 /home/sap/tools/RISC-V/MSR_Community_V150/toolchain/RISC-V Embedded GCC/bin/../lib/gcc/riscv-none-embed/8.2.0/../../../../riscv-none-embed/lib/rv32imac/ilp32/libg_nano.a(lib_a-mlock.o)
 .debug_frame   0x0000000000002870       0x40 /home/sap/tools/RISC-V/MSR_Community_V150/toolchain/RISC-V Embedded GCC/bin/../lib/gcc/riscv-none-embed/8.2.0/../../../../riscv-none-embed/lib/rv32imac/ilp32/libg_nano.a(lib_a-nano-freer.o)
 .debug_frame   0x00000000000028b0       0x40 /home/sap/tools/RISC-V/MSR_Community_V150/toolchain/RISC-V Embedded GCC/bin/../lib/gcc/riscv-none-embed/8.2.0/../../../../riscv-none-embed/lib/rv32imac/ilp32/libg_nano.a(lib_a-nano-reallocr.o)
 .debug_frame   0x00000000000028f0       0x30 /home/sap/tools/RISC-V/MSR_Community_V150/toolchain/RISC-V Embedded GCC/bin/../lib/gcc/riscv-none-embed/8.2.0/../../../../riscv-none-embed/lib/rv32imac/ilp32/libg_nano.a(lib_a-readr.o)
 .debug_frame   0x0000000000002920       0x70 /home/sap/tools/RISC-V/MSR_Community_V150/toolchain/RISC-V Embedded GCC/bin/../lib/gcc/riscv-none-embed/8.2.0/../../../../riscv-none-embed/lib/rv32imac/ilp32/libg_nano.a(lib_a-reent.o)
 .debug_frame   0x0000000000002990       0x30 /home/sap/tools/RISC-V/MSR_Community_V150/toolchain/RISC-V Embedded GCC/bin/../lib/gcc/riscv-none-embed/8.2.0/../../../../riscv-none-embed/lib/rv32imac/ilp32/libg_nano.a(lib_a-fstatr.o)
 .debug_frame   0x00000000000029c0       0x30 /home/sap/tools/RISC-V/MSR_Community_V150/toolchain/RISC-V Embedded GCC/bin/../lib/gcc/riscv-none-embed/8.2.0/../../../../riscv-none-embed/lib/rv32imac/ilp32/libg_nano.a(lib_a-isattyr.o)
 .debug_frame   0x00000000000029f0       0x20 /home/sap/tools/RISC-V/MSR_Community_V150/toolchain/RISC-V Embedded GCC/bin/../lib/gcc/riscv-none-embed/8.2.0/../../../../riscv-none-embed/lib/rv32imac/ilp32/libg_nano.a(lib_a-nano-msizer.o)
 .debug_frame   0x0000000000002a10       0x20 /home/sap/tools/RISC-V/MSR_Community_V150/toolchain/RISC-V Embedded GCC/bin/../lib/gcc/riscv-none-embed/8.2.0/../../../../riscv-none-embed/lib/rv32imac/ilp32/libnosys.a(close.o)
 .debug_frame   0x0000000000002a30       0x20 /home/sap/tools/RISC-V/MSR_Community_V150/toolchain/RISC-V Embedded GCC/bin/../lib/gcc/riscv-none-embed/8.2.0/../../../../riscv-none-embed/lib/rv32imac/ilp32/libnosys.a(fstat.o)
 .debug_frame   0x0000000000002a50       0x20 /home/sap/tools/RISC-V/MSR_Community_V150/toolchain/RISC-V Embedded GCC/bin/../lib/gcc/riscv-none-embed/8.2.0/../../../../riscv-none-embed/lib/rv32imac/ilp32/libnosys.a(isatty.o)
 .debug_frame   0x0000000000002a70       0x20 /home/sap/tools/RISC-V/MSR_Community_V150/toolchain/RISC-V Embedded GCC/bin/../lib/gcc/riscv-none-embed/8.2.0/../../../../riscv-none-embed/lib/rv32imac/ilp32/libnosys.a(lseek.o)
 .debug_frame   0x0000000000002a90       0x20 /home/sap/tools/RISC-V/MSR_Community_V150/toolchain/RISC-V Embedded GCC/bin/../lib/gcc/riscv-none-embed/8.2.0/../../../../riscv-none-embed/lib/rv32imac/ilp32/libnosys.a(read.o)

.debug_loc      0x0000000000000000     0x5f3f
 .debug_loc     0x0000000000000000      0xbea ./User/lcd.o
 .debug_loc     0x0000000000000bea      0x4eb ./User/lcd_text.o
 .debug_loc     0x00000000000010d5      0x967 ./User/main.o
 .debug_loc     0x0000000000001a3c       0xac ./User/system_ch32v30x.o
 .debug_loc     0x0000000000001ae8      0xab6 ./Peripheral/src/ch32v30x_adc.o
 .debug_loc     0x000000000000259e      0x657 ./Peripheral/src/ch32v30x_gpio.o
 .debug_loc     0x0000000000002bf5       0xce ./Peripheral/src/ch32v30x_misc.o
 .debug_loc     0x0000000000002cc3      0xa54 ./Peripheral/src/ch32v30x_rcc.o
 .debug_loc     0x0000000000003717      0x598 ./Peripheral/src/ch32v30x_spi.o
 .debug_loc     0x0000000000003caf     0x195e ./Peripheral/src/ch32v30x_tim.o
 .debug_loc     0x000000000000560d      0x7bb ./Peripheral/src/ch32v30x_usart.o
 .debug_loc     0x0000000000005dc8      0x177 ./Debug/debug.o

.stab           0x0000000000000000       0x84
 .stab          0x0000000000000000       0x24 /home/sap/tools/RISC-V/MSR_Community_V150/toolchain/RISC-V Embedded GCC/bin/../lib/gcc/riscv-none-embed/8.2.0/../../../../riscv-none-embed/lib/rv32imac/ilp32/libnosys.a(close.o)
 .stab          0x0000000000000024       0x18 /home/sap/tools/RISC-V/MSR_Community_V150/toolchain/RISC-V Embedded GCC/bin/../lib/gcc/riscv-none-embed/8.2.0/../../../../riscv-none-embed/lib/rv32imac/ilp32/libnosys.a(fstat.o)
                                         0x24 (size before relaxing)
 .stab          0x000000000000003c       0x18 /home/sap/tools/RISC-V/MSR_Community_V150/toolchain/RISC-V Embedded GCC/bin/../lib/gcc/riscv-none-embed/8.2.0/../../../../riscv-none-embed/lib/rv32imac/ilp32/libnosys.a(isatty.o)
                                         0x24 (size before relaxing)
 .stab          0x0000000000000054       0x18 /home/sap/tools/RISC-V/MSR_Community_V150/toolchain/RISC-V Embedded GCC/bin/../lib/gcc/riscv-none-embed/8.2.0/../../../../riscv-none-embed/lib/rv32imac/ilp32/libnosys.a(lseek.o)
                                         0x24 (size before relaxing)
 .stab          0x000000000000006c       0x18 /home/sap/tools/RISC-V/MSR_Community_V150/toolchain/RISC-V Embedded GCC/bin/../lib/gcc/riscv-none-embed/8.2.0/../../../../riscv-none-embed/lib/rv32imac/ilp32/libnosys.a(read.o)
                                         0x24 (size before relaxing)

.stabstr        0x0000000000000000      0x117
 .stabstr       0x0000000000000000      0x117 /home/sap/tools/RISC-V/MSR_Community_V150/toolchain/RISC-V Embedded GCC/bin/../lib/gcc/riscv-none-embed/8.2.0/../../../../riscv-none-embed/lib/rv32imac/ilp32/libnosys.a(close.o)
